ERROR - 2026-07-04 16:53:46 --> Unknown column 'users.customer_name' in 'field list'
in SYSTEMPATH\Database\MySQLi\Connection.php on line 300.
 1 SYSTEMPATH\Database\MySQLi\Connection.php(300): mysqli->query('SELECT `orders`.*, `users`.`customer_name`, `users`.`mobile`
FROM `orders`
JOIN `users` ON `users`.`id` = `orders`.`user_id`
ORDER BY `orders`.`created_at` DESC', 0)
 2 SYSTEMPATH\Database\BaseConnection.php(910): CodeIgniter\Database\MySQLi\Connection->execute('SELECT `orders`.*, `users`.`customer_name`, `users`.`mobile`
FROM `orders`
JOIN `users` ON `users`.`id` = `orders`.`user_id`
ORDER BY `orders`.`created_at` DESC')
 3 SYSTEMPATH\Database\BaseConnection.php(827): CodeIgniter\Database\BaseConnection->simpleQuery('SELECT `orders`.*, `users`.`customer_name`, `users`.`mobile`
FROM `orders`
JOIN `users` ON `users`.`id` = `orders`.`user_id`
ORDER BY `orders`.`created_at` DESC')
 4 SYSTEMPATH\Database\BaseBuilder.php(1649): CodeIgniter\Database\BaseConnection->query('SELECT `orders`.*, `users`.`customer_name`, `users`.`mobile`
FROM `orders`
JOIN `users` ON `users`.`id` = `orders`.`user_id`
ORDER BY `orders`.`created_at` DESC', [], false)
 5 SYSTEMPATH\Model.php(253): CodeIgniter\Database\BaseBuilder->get()
 6 SYSTEMPATH\BaseModel.php(676): CodeIgniter\Model->doFindAll(0, 0)
 7 APPPATH\Models\OrderModel.php(33): CodeIgniter\BaseModel->findAll()
 8 APPPATH\Controllers\Admin\Order.php(14): App\Models\OrderModel->getOrders()
 9 SYSTEMPATH\CodeIgniter.php(951): App\Controllers\Admin\Order->index()
10 SYSTEMPATH\CodeIgniter.php(497): CodeIgniter\CodeIgniter->runController(Object(App\Controllers\Admin\Order))
11 SYSTEMPATH\CodeIgniter.php(340): CodeIgniter\CodeIgniter->handleRequest(null, Object(Config\Cache), false)
12 SYSTEMPATH\Boot.php(417): CodeIgniter\CodeIgniter->run()
13 SYSTEMPATH\Boot.php(68): CodeIgniter\Boot::runCodeIgniter(Object(CodeIgniter\CodeIgniter))
14 FCPATH\index.php(59): CodeIgniter\Boot::bootWeb(Object(Config\Paths))
15 SYSTEMPATH\rewrite.php(44): require_once('D:\\customize_gifts\\public\\index.php')
CRITICAL - 2026-07-04 16:53:46 --> CodeIgniter\Database\Exceptions\DatabaseException: Unknown column 'users.customer_name' in 'field list'
[Method: GET, Route: order/order_list]
in SYSTEMPATH\Database\BaseConnection.php on line 865.
 1 SYSTEMPATH\Database\BaseBuilder.php(1649): CodeIgniter\Database\BaseConnection->query('SELECT `orders`.*, `users`.`customer_name`, `users`.`mobile`
FROM `orders`
JOIN `users` ON `users`.`id` = `orders`.`user_id`
ORDER BY `orders`.`created_at` DESC', [], false)
 2 SYSTEMPATH\Model.php(253): CodeIgniter\Database\BaseBuilder->get()
 3 SYSTEMPATH\BaseModel.php(676): CodeIgniter\Model->doFindAll(0, 0)
 4 APPPATH\Models\OrderModel.php(33): CodeIgniter\BaseModel->findAll()
 5 APPPATH\Controllers\Admin\Order.php(14): App\Models\OrderModel->getOrders()
 6 SYSTEMPATH\CodeIgniter.php(951): App\Controllers\Admin\Order->index()
 7 SYSTEMPATH\CodeIgniter.php(497): CodeIgniter\CodeIgniter->runController(Object(App\Controllers\Admin\Order))
 8 SYSTEMPATH\CodeIgniter.php(340): CodeIgniter\CodeIgniter->handleRequest(null, Object(Config\Cache), false)
 9 SYSTEMPATH\Boot.php(417): CodeIgniter\CodeIgniter->run()
10 SYSTEMPATH\Boot.php(68): CodeIgniter\Boot::runCodeIgniter(Object(CodeIgniter\CodeIgniter))
11 FCPATH\index.php(59): CodeIgniter\Boot::bootWeb(Object(Config\Paths))
12 SYSTEMPATH\rewrite.php(44): require_once('D:\\customize_gifts\\public\\index.php')
CRITICAL - 2026-07-04 16:53:46 --> [Caused by] CodeIgniter\Database\Exceptions\DatabaseException: Unknown column 'users.customer_name' in 'field list'
in SYSTEMPATH\Database\MySQLi\Connection.php on line 310.
 1 SYSTEMPATH\Database\BaseConnection.php(910): CodeIgniter\Database\MySQLi\Connection->execute('SELECT `orders`.*, `users`.`customer_name`, `users`.`mobile`
FROM `orders`
JOIN `users` ON `users`.`id` = `orders`.`user_id`
ORDER BY `orders`.`created_at` DESC')
 2 SYSTEMPATH\Database\BaseConnection.php(827): CodeIgniter\Database\BaseConnection->simpleQuery('SELECT `orders`.*, `users`.`customer_name`, `users`.`mobile`
FROM `orders`
JOIN `users` ON `users`.`id` = `orders`.`user_id`
ORDER BY `orders`.`created_at` DESC')
 3 SYSTEMPATH\Database\BaseBuilder.php(1649): CodeIgniter\Database\BaseConnection->query('SELECT `orders`.*, `users`.`customer_name`, `users`.`mobile`
FROM `orders`
JOIN `users` ON `users`.`id` = `orders`.`user_id`
ORDER BY `orders`.`created_at` DESC', [], false)
 4 SYSTEMPATH\Model.php(253): CodeIgniter\Database\BaseBuilder->get()
 5 SYSTEMPATH\BaseModel.php(676): CodeIgniter\Model->doFindAll(0, 0)
 6 APPPATH\Models\OrderModel.php(33): CodeIgniter\BaseModel->findAll()
 7 APPPATH\Controllers\Admin\Order.php(14): App\Models\OrderModel->getOrders()
 8 SYSTEMPATH\CodeIgniter.php(951): App\Controllers\Admin\Order->index()
 9 SYSTEMPATH\CodeIgniter.php(497): CodeIgniter\CodeIgniter->runController(Object(App\Controllers\Admin\Order))
10 SYSTEMPATH\CodeIgniter.php(340): CodeIgniter\CodeIgniter->handleRequest(null, Object(Config\Cache), false)
11 SYSTEMPATH\Boot.php(417): CodeIgniter\CodeIgniter->run()
12 SYSTEMPATH\Boot.php(68): CodeIgniter\Boot::runCodeIgniter(Object(CodeIgniter\CodeIgniter))
13 FCPATH\index.php(59): CodeIgniter\Boot::bootWeb(Object(Config\Paths))
14 SYSTEMPATH\rewrite.php(44): require_once('D:\\customize_gifts\\public\\index.php')
CRITICAL - 2026-07-04 16:53:46 --> [Caused by] mysqli_sql_exception: Unknown column 'users.customer_name' in 'field list'
in SYSTEMPATH\Database\MySQLi\Connection.php on line 300.
 1 SYSTEMPATH\Database\MySQLi\Connection.php(300): mysqli->query('SELECT `orders`.*, `users`.`customer_name`, `users`.`mobile`
FROM `orders`
JOIN `users` ON `users`.`id` = `orders`.`user_id`
ORDER BY `orders`.`created_at` DESC', 0)
 2 SYSTEMPATH\Database\BaseConnection.php(910): CodeIgniter\Database\MySQLi\Connection->execute('SELECT `orders`.*, `users`.`customer_name`, `users`.`mobile`
FROM `orders`
JOIN `users` ON `users`.`id` = `orders`.`user_id`
ORDER BY `orders`.`created_at` DESC')
 3 SYSTEMPATH\Database\BaseConnection.php(827): CodeIgniter\Database\BaseConnection->simpleQuery('SELECT `orders`.*, `users`.`customer_name`, `users`.`mobile`
FROM `orders`
JOIN `users` ON `users`.`id` = `orders`.`user_id`
ORDER BY `orders`.`created_at` DESC')
 4 SYSTEMPATH\Database\BaseBuilder.php(1649): CodeIgniter\Database\BaseConnection->query('SELECT `orders`.*, `users`.`customer_name`, `users`.`mobile`
FROM `orders`
JOIN `users` ON `users`.`id` = `orders`.`user_id`
ORDER BY `orders`.`created_at` DESC', [], false)
 5 SYSTEMPATH\Model.php(253): CodeIgniter\Database\BaseBuilder->get()
 6 SYSTEMPATH\BaseModel.php(676): CodeIgniter\Model->doFindAll(0, 0)
 7 APPPATH\Models\OrderModel.php(33): CodeIgniter\BaseModel->findAll()
 8 APPPATH\Controllers\Admin\Order.php(14): App\Models\OrderModel->getOrders()
 9 SYSTEMPATH\CodeIgniter.php(951): App\Controllers\Admin\Order->index()
10 SYSTEMPATH\CodeIgniter.php(497): CodeIgniter\CodeIgniter->runController(Object(App\Controllers\Admin\Order))
11 SYSTEMPATH\CodeIgniter.php(340): CodeIgniter\CodeIgniter->handleRequest(null, Object(Config\Cache), false)
12 SYSTEMPATH\Boot.php(417): CodeIgniter\CodeIgniter->run()
13 SYSTEMPATH\Boot.php(68): CodeIgniter\Boot::runCodeIgniter(Object(CodeIgniter\CodeIgniter))
14 FCPATH\index.php(59): CodeIgniter\Boot::bootWeb(Object(Config\Paths))
15 SYSTEMPATH\rewrite.php(44): require_once('D:\\customize_gifts\\public\\index.php')
CRITICAL - 2026-07-04 16:54:48 --> CodeIgniter\Exceptions\BadMethodCallException: Call to undefined method App\Models\OrderModel::getOrders
[Method: GET, Route: order/order_list]
in SYSTEMPATH\Model.php on line 761.
 1 APPPATH\Controllers\Admin\Order.php(14): CodeIgniter\Model->__call('getOrders', [])
 2 SYSTEMPATH\CodeIgniter.php(951): App\Controllers\Admin\Order->index()
 3 SYSTEMPATH\CodeIgniter.php(497): CodeIgniter\CodeIgniter->runController(Object(App\Controllers\Admin\Order))
 4 SYSTEMPATH\CodeIgniter.php(340): CodeIgniter\CodeIgniter->handleRequest(null, Object(Config\Cache), false)
 5 SYSTEMPATH\Boot.php(417): CodeIgniter\CodeIgniter->run()
 6 SYSTEMPATH\Boot.php(68): CodeIgniter\Boot::runCodeIgniter(Object(CodeIgniter\CodeIgniter))
 7 FCPATH\index.php(59): CodeIgniter\Boot::bootWeb(Object(Config\Paths))
 8 SYSTEMPATH\rewrite.php(44): require_once('D:\\customize_gifts\\public\\index.php')
CRITICAL - 2026-07-04 16:55:02 --> ErrorException: Undefined variable $data
[Method: GET, Route: order/order_list]
in APPPATH\Controllers\Admin\Order.php on line 14.
 1 APPPATH\Controllers\Admin\Order.php(14): CodeIgniter\Debug\Exceptions->errorHandler(2, 'Undefined variable $data', 'D:\\customize_gifts\\app\\Controllers\\Admin\\Order.php', 14)
 2 SYSTEMPATH\CodeIgniter.php(951): App\Controllers\Admin\Order->index()
 3 SYSTEMPATH\CodeIgniter.php(497): CodeIgniter\CodeIgniter->runController(Object(App\Controllers\Admin\Order))
 4 SYSTEMPATH\CodeIgniter.php(340): CodeIgniter\CodeIgniter->handleRequest(null, Object(Config\Cache), false)
 5 SYSTEMPATH\Boot.php(417): CodeIgniter\CodeIgniter->run()
 6 SYSTEMPATH\Boot.php(68): CodeIgniter\Boot::runCodeIgniter(Object(CodeIgniter\CodeIgniter))
 7 FCPATH\index.php(59): CodeIgniter\Boot::bootWeb(Object(Config\Paths))
 8 SYSTEMPATH\rewrite.php(44): require_once('D:\\customize_gifts\\public\\index.php')
ERROR - 2026-07-04 16:55:51 --> Unknown column 'users.customer_name' in 'field list'
in SYSTEMPATH\Database\MySQLi\Connection.php on line 300.
 1 SYSTEMPATH\Database\MySQLi\Connection.php(300): mysqli->query('SELECT `orders`.*, `users`.`customer_name`, `users`.`mobile`
FROM `orders`
JOIN `users` ON `users`.`id` = `orders`.`user_id`
ORDER BY `orders`.`created_at` DESC', 0)
 2 SYSTEMPATH\Database\BaseConnection.php(910): CodeIgniter\Database\MySQLi\Connection->execute('SELECT `orders`.*, `users`.`customer_name`, `users`.`mobile`
FROM `orders`
JOIN `users` ON `users`.`id` = `orders`.`user_id`
ORDER BY `orders`.`created_at` DESC')
 3 SYSTEMPATH\Database\BaseConnection.php(827): CodeIgniter\Database\BaseConnection->simpleQuery('SELECT `orders`.*, `users`.`customer_name`, `users`.`mobile`
FROM `orders`
JOIN `users` ON `users`.`id` = `orders`.`user_id`
ORDER BY `orders`.`created_at` DESC')
 4 SYSTEMPATH\Database\BaseBuilder.php(1649): CodeIgniter\Database\BaseConnection->query('SELECT `orders`.*, `users`.`customer_name`, `users`.`mobile`
FROM `orders`
JOIN `users` ON `users`.`id` = `orders`.`user_id`
ORDER BY `orders`.`created_at` DESC', [], false)
 5 SYSTEMPATH\Model.php(253): CodeIgniter\Database\BaseBuilder->get()
 6 SYSTEMPATH\BaseModel.php(676): CodeIgniter\Model->doFindAll(0, 0)
 7 APPPATH\Models\OrderModel.php(33): CodeIgniter\BaseModel->findAll()
 8 APPPATH\Controllers\Admin\Order.php(13): App\Models\OrderModel->getOrders()
 9 SYSTEMPATH\CodeIgniter.php(951): App\Controllers\Admin\Order->index()
10 SYSTEMPATH\CodeIgniter.php(497): CodeIgniter\CodeIgniter->runController(Object(App\Controllers\Admin\Order))
11 SYSTEMPATH\CodeIgniter.php(340): CodeIgniter\CodeIgniter->handleRequest(null, Object(Config\Cache), false)
12 SYSTEMPATH\Boot.php(417): CodeIgniter\CodeIgniter->run()
13 SYSTEMPATH\Boot.php(68): CodeIgniter\Boot::runCodeIgniter(Object(CodeIgniter\CodeIgniter))
14 FCPATH\index.php(59): CodeIgniter\Boot::bootWeb(Object(Config\Paths))
15 SYSTEMPATH\rewrite.php(44): require_once('D:\\customize_gifts\\public\\index.php')
CRITICAL - 2026-07-04 16:55:51 --> CodeIgniter\Database\Exceptions\DatabaseException: Unknown column 'users.customer_name' in 'field list'
[Method: GET, Route: order/order_list]
in SYSTEMPATH\Database\BaseConnection.php on line 865.
 1 SYSTEMPATH\Database\BaseBuilder.php(1649): CodeIgniter\Database\BaseConnection->query('SELECT `orders`.*, `users`.`customer_name`, `users`.`mobile`
FROM `orders`
JOIN `users` ON `users`.`id` = `orders`.`user_id`
ORDER BY `orders`.`created_at` DESC', [], false)
 2 SYSTEMPATH\Model.php(253): CodeIgniter\Database\BaseBuilder->get()
 3 SYSTEMPATH\BaseModel.php(676): CodeIgniter\Model->doFindAll(0, 0)
 4 APPPATH\Models\OrderModel.php(33): CodeIgniter\BaseModel->findAll()
 5 APPPATH\Controllers\Admin\Order.php(13): App\Models\OrderModel->getOrders()
 6 SYSTEMPATH\CodeIgniter.php(951): App\Controllers\Admin\Order->index()
 7 SYSTEMPATH\CodeIgniter.php(497): CodeIgniter\CodeIgniter->runController(Object(App\Controllers\Admin\Order))
 8 SYSTEMPATH\CodeIgniter.php(340): CodeIgniter\CodeIgniter->handleRequest(null, Object(Config\Cache), false)
 9 SYSTEMPATH\Boot.php(417): CodeIgniter\CodeIgniter->run()
10 SYSTEMPATH\Boot.php(68): CodeIgniter\Boot::runCodeIgniter(Object(CodeIgniter\CodeIgniter))
11 FCPATH\index.php(59): CodeIgniter\Boot::bootWeb(Object(Config\Paths))
12 SYSTEMPATH\rewrite.php(44): require_once('D:\\customize_gifts\\public\\index.php')
CRITICAL - 2026-07-04 16:55:51 --> [Caused by] CodeIgniter\Database\Exceptions\DatabaseException: Unknown column 'users.customer_name' in 'field list'
in SYSTEMPATH\Database\MySQLi\Connection.php on line 310.
 1 SYSTEMPATH\Database\BaseConnection.php(910): CodeIgniter\Database\MySQLi\Connection->execute('SELECT `orders`.*, `users`.`customer_name`, `users`.`mobile`
FROM `orders`
JOIN `users` ON `users`.`id` = `orders`.`user_id`
ORDER BY `orders`.`created_at` DESC')
 2 SYSTEMPATH\Database\BaseConnection.php(827): CodeIgniter\Database\BaseConnection->simpleQuery('SELECT `orders`.*, `users`.`customer_name`, `users`.`mobile`
FROM `orders`
JOIN `users` ON `users`.`id` = `orders`.`user_id`
ORDER BY `orders`.`created_at` DESC')
 3 SYSTEMPATH\Database\BaseBuilder.php(1649): CodeIgniter\Database\BaseConnection->query('SELECT `orders`.*, `users`.`customer_name`, `users`.`mobile`
FROM `orders`
JOIN `users` ON `users`.`id` = `orders`.`user_id`
ORDER BY `orders`.`created_at` DESC', [], false)
 4 SYSTEMPATH\Model.php(253): CodeIgniter\Database\BaseBuilder->get()
 5 SYSTEMPATH\BaseModel.php(676): CodeIgniter\Model->doFindAll(0, 0)
 6 APPPATH\Models\OrderModel.php(33): CodeIgniter\BaseModel->findAll()
 7 APPPATH\Controllers\Admin\Order.php(13): App\Models\OrderModel->getOrders()
 8 SYSTEMPATH\CodeIgniter.php(951): App\Controllers\Admin\Order->index()
 9 SYSTEMPATH\CodeIgniter.php(497): CodeIgniter\CodeIgniter->runController(Object(App\Controllers\Admin\Order))
10 SYSTEMPATH\CodeIgniter.php(340): CodeIgniter\CodeIgniter->handleRequest(null, Object(Config\Cache), false)
11 SYSTEMPATH\Boot.php(417): CodeIgniter\CodeIgniter->run()
12 SYSTEMPATH\Boot.php(68): CodeIgniter\Boot::runCodeIgniter(Object(CodeIgniter\CodeIgniter))
13 FCPATH\index.php(59): CodeIgniter\Boot::bootWeb(Object(Config\Paths))
14 SYSTEMPATH\rewrite.php(44): require_once('D:\\customize_gifts\\public\\index.php')
CRITICAL - 2026-07-04 16:55:51 --> [Caused by] mysqli_sql_exception: Unknown column 'users.customer_name' in 'field list'
in SYSTEMPATH\Database\MySQLi\Connection.php on line 300.
 1 SYSTEMPATH\Database\MySQLi\Connection.php(300): mysqli->query('SELECT `orders`.*, `users`.`customer_name`, `users`.`mobile`
FROM `orders`
JOIN `users` ON `users`.`id` = `orders`.`user_id`
ORDER BY `orders`.`created_at` DESC', 0)
 2 SYSTEMPATH\Database\BaseConnection.php(910): CodeIgniter\Database\MySQLi\Connection->execute('SELECT `orders`.*, `users`.`customer_name`, `users`.`mobile`
FROM `orders`
JOIN `users` ON `users`.`id` = `orders`.`user_id`
ORDER BY `orders`.`created_at` DESC')
 3 SYSTEMPATH\Database\BaseConnection.php(827): CodeIgniter\Database\BaseConnection->simpleQuery('SELECT `orders`.*, `users`.`customer_name`, `users`.`mobile`
FROM `orders`
JOIN `users` ON `users`.`id` = `orders`.`user_id`
ORDER BY `orders`.`created_at` DESC')
 4 SYSTEMPATH\Database\BaseBuilder.php(1649): CodeIgniter\Database\BaseConnection->query('SELECT `orders`.*, `users`.`customer_name`, `users`.`mobile`
FROM `orders`
JOIN `users` ON `users`.`id` = `orders`.`user_id`
ORDER BY `orders`.`created_at` DESC', [], false)
 5 SYSTEMPATH\Model.php(253): CodeIgniter\Database\BaseBuilder->get()
 6 SYSTEMPATH\BaseModel.php(676): CodeIgniter\Model->doFindAll(0, 0)
 7 APPPATH\Models\OrderModel.php(33): CodeIgniter\BaseModel->findAll()
 8 APPPATH\Controllers\Admin\Order.php(13): App\Models\OrderModel->getOrders()
 9 SYSTEMPATH\CodeIgniter.php(951): App\Controllers\Admin\Order->index()
10 SYSTEMPATH\CodeIgniter.php(497): CodeIgniter\CodeIgniter->runController(Object(App\Controllers\Admin\Order))
11 SYSTEMPATH\CodeIgniter.php(340): CodeIgniter\CodeIgniter->handleRequest(null, Object(Config\Cache), false)
12 SYSTEMPATH\Boot.php(417): CodeIgniter\CodeIgniter->run()
13 SYSTEMPATH\Boot.php(68): CodeIgniter\Boot::runCodeIgniter(Object(CodeIgniter\CodeIgniter))
14 FCPATH\index.php(59): CodeIgniter\Boot::bootWeb(Object(Config\Paths))
15 SYSTEMPATH\rewrite.php(44): require_once('D:\\customize_gifts\\public\\index.php')
CRITICAL - 2026-07-04 16:57:03 --> ErrorException: Undefined variable $orderModel
[Method: GET, Route: order/order_list]
in APPPATH\Config\Routes.php on line 71.
 1 APPPATH\Config\Routes.php(71): CodeIgniter\Debug\Exceptions->errorHandler(2, 'Undefined variable $orderModel', 'D:\\customize_gifts\\app\\Config\\Routes.php', 71)
 2 SYSTEMPATH\Router\RouteCollection.php(339): require('D:\\customize_gifts\\app\\Config\\Routes.php')
 3 SYSTEMPATH\CodeIgniter.php(818): CodeIgniter\Router\RouteCollection->loadRoutes()
 4 SYSTEMPATH\CodeIgniter.php(441): CodeIgniter\CodeIgniter->tryToRouteIt(null)
 5 SYSTEMPATH\CodeIgniter.php(340): CodeIgniter\CodeIgniter->handleRequest(null, Object(Config\Cache), false)
 6 SYSTEMPATH\Boot.php(417): CodeIgniter\CodeIgniter->run()
 7 SYSTEMPATH\Boot.php(68): CodeIgniter\Boot::runCodeIgniter(Object(CodeIgniter\CodeIgniter))
 8 FCPATH\index.php(59): CodeIgniter\Boot::bootWeb(Object(Config\Paths))
 9 SYSTEMPATH\rewrite.php(44): require_once('D:\\customize_gifts\\public\\index.php')
CRITICAL - 2026-07-04 16:57:06 --> ErrorException: Undefined variable $orderModel
[Method: GET, Route: admin/dashboard]
in APPPATH\Config\Routes.php on line 71.
 1 APPPATH\Config\Routes.php(71): CodeIgniter\Debug\Exceptions->errorHandler(2, 'Undefined variable $orderModel', 'D:\\customize_gifts\\app\\Config\\Routes.php', 71)
 2 SYSTEMPATH\Router\RouteCollection.php(339): require('D:\\customize_gifts\\app\\Config\\Routes.php')
 3 SYSTEMPATH\CodeIgniter.php(818): CodeIgniter\Router\RouteCollection->loadRoutes()
 4 SYSTEMPATH\CodeIgniter.php(441): CodeIgniter\CodeIgniter->tryToRouteIt(null)
 5 SYSTEMPATH\CodeIgniter.php(340): CodeIgniter\CodeIgniter->handleRequest(null, Object(Config\Cache), false)
 6 SYSTEMPATH\Boot.php(417): CodeIgniter\CodeIgniter->run()
 7 SYSTEMPATH\Boot.php(68): CodeIgniter\Boot::runCodeIgniter(Object(CodeIgniter\CodeIgniter))
 8 FCPATH\index.php(59): CodeIgniter\Boot::bootWeb(Object(Config\Paths))
 9 SYSTEMPATH\rewrite.php(44): require_once('D:\\customize_gifts\\public\\index.php')
CRITICAL - 2026-07-04 16:57:08 --> ErrorException: Undefined variable $orderModel
[Method: GET, Route: admin/dashboard]
in APPPATH\Config\Routes.php on line 71.
 1 APPPATH\Config\Routes.php(71): CodeIgniter\Debug\Exceptions->errorHandler(2, 'Undefined variable $orderModel', 'D:\\customize_gifts\\app\\Config\\Routes.php', 71)
 2 SYSTEMPATH\Router\RouteCollection.php(339): require('D:\\customize_gifts\\app\\Config\\Routes.php')
 3 SYSTEMPATH\CodeIgniter.php(818): CodeIgniter\Router\RouteCollection->loadRoutes()
 4 SYSTEMPATH\CodeIgniter.php(441): CodeIgniter\CodeIgniter->tryToRouteIt(null)
 5 SYSTEMPATH\CodeIgniter.php(340): CodeIgniter\CodeIgniter->handleRequest(null, Object(Config\Cache), false)
 6 SYSTEMPATH\Boot.php(417): CodeIgniter\CodeIgniter->run()
 7 SYSTEMPATH\Boot.php(68): CodeIgniter\Boot::runCodeIgniter(Object(CodeIgniter\CodeIgniter))
 8 FCPATH\index.php(59): CodeIgniter\Boot::bootWeb(Object(Config\Paths))
 9 SYSTEMPATH\rewrite.php(44): require_once('D:\\customize_gifts\\public\\index.php')
CRITICAL - 2026-07-04 16:57:42 --> ErrorException: Undefined variable $orderModel
[Method: GET, Route: order/order_list]
in APPPATH\Config\Routes.php on line 71.
 1 APPPATH\Config\Routes.php(71): CodeIgniter\Debug\Exceptions->errorHandler(2, 'Undefined variable $orderModel', 'D:\\customize_gifts\\app\\Config\\Routes.php', 71)
 2 SYSTEMPATH\Router\RouteCollection.php(339): require('D:\\customize_gifts\\app\\Config\\Routes.php')
 3 SYSTEMPATH\CodeIgniter.php(818): CodeIgniter\Router\RouteCollection->loadRoutes()
 4 SYSTEMPATH\CodeIgniter.php(441): CodeIgniter\CodeIgniter->tryToRouteIt(null)
 5 SYSTEMPATH\CodeIgniter.php(340): CodeIgniter\CodeIgniter->handleRequest(null, Object(Config\Cache), false)
 6 SYSTEMPATH\Boot.php(417): CodeIgniter\CodeIgniter->run()
 7 SYSTEMPATH\Boot.php(68): CodeIgniter\Boot::runCodeIgniter(Object(CodeIgniter\CodeIgniter))
 8 FCPATH\index.php(59): CodeIgniter\Boot::bootWeb(Object(Config\Paths))
 9 SYSTEMPATH\rewrite.php(44): require_once('D:\\customize_gifts\\public\\index.php')
CRITICAL - 2026-07-04 16:57:44 --> ErrorException: Undefined variable $orderModel
[Method: GET, Route: order/order_list]
in APPPATH\Config\Routes.php on line 71.
 1 APPPATH\Config\Routes.php(71): CodeIgniter\Debug\Exceptions->errorHandler(2, 'Undefined variable $orderModel', 'D:\\customize_gifts\\app\\Config\\Routes.php', 71)
 2 SYSTEMPATH\Router\RouteCollection.php(339): require('D:\\customize_gifts\\app\\Config\\Routes.php')
 3 SYSTEMPATH\CodeIgniter.php(818): CodeIgniter\Router\RouteCollection->loadRoutes()
 4 SYSTEMPATH\CodeIgniter.php(441): CodeIgniter\CodeIgniter->tryToRouteIt(null)
 5 SYSTEMPATH\CodeIgniter.php(340): CodeIgniter\CodeIgniter->handleRequest(null, Object(Config\Cache), false)
 6 SYSTEMPATH\Boot.php(417): CodeIgniter\CodeIgniter->run()
 7 SYSTEMPATH\Boot.php(68): CodeIgniter\Boot::runCodeIgniter(Object(CodeIgniter\CodeIgniter))
 8 FCPATH\index.php(59): CodeIgniter\Boot::bootWeb(Object(Config\Paths))
 9 SYSTEMPATH\rewrite.php(44): require_once('D:\\customize_gifts\\public\\index.php')
CRITICAL - 2026-07-04 18:28:16 --> CodeIgniter\View\Exceptions\ViewException: Invalid file: "admin/order/view_order.php"
[Method: GET, Route: admin/order/view/ORD20260704163207]
in SYSTEMPATH\Exceptions\FrameworkException.php on line 39.
 1 SYSTEMPATH\View\View.php(228): CodeIgniter\Exceptions\FrameworkException::forInvalidFile('admin/order/view_order.php')
 2 SYSTEMPATH\Common.php(1250): CodeIgniter\View\View->render('admin/order/view_order', [], true)
 3 APPPATH\Controllers\Admin\Order.php(22): view('admin/order/view_order', [...])
 4 SYSTEMPATH\CodeIgniter.php(951): App\Controllers\Admin\Order->view('ORD20260704163207')
 5 SYSTEMPATH\CodeIgniter.php(497): CodeIgniter\CodeIgniter->runController(Object(App\Controllers\Admin\Order))
 6 SYSTEMPATH\CodeIgniter.php(340): CodeIgniter\CodeIgniter->handleRequest(null, Object(Config\Cache), false)
 7 SYSTEMPATH\Boot.php(417): CodeIgniter\CodeIgniter->run()
 8 SYSTEMPATH\Boot.php(68): CodeIgniter\Boot::runCodeIgniter(Object(CodeIgniter\CodeIgniter))
 9 FCPATH\index.php(59): CodeIgniter\Boot::bootWeb(Object(Config\Paths))
10 SYSTEMPATH\rewrite.php(44): require_once('D:\\customize_gifts\\public\\index.php')
CRITICAL - 2026-07-04 18:30:26 --> ErrorException: Undefined array key "full_name"
[Method: GET, Route: admin/order/view/ORD20260704163207]
in APPPATH\Views\admin\order\view.php on line 54.
 1 APPPATH\Views\admin\order\view.php(54): CodeIgniter\Debug\Exceptions->errorHandler(2, 'Undefined array key "full_name"', 'D:\\customize_gifts\\app\\Views\\admin\\order\\view.php', 54)
 2 SYSTEMPATH\View\View.php(240): include('D:\\customize_gifts\\app\\Views\\admin\\order\\view.php')
 3 SYSTEMPATH\View\View.php(243): CodeIgniter\View\View->CodeIgniter\View\{closure}()
 4 SYSTEMPATH\Common.php(1250): CodeIgniter\View\View->render('admin/order/view', [], true)
 5 APPPATH\Controllers\Admin\Order.php(22): view('admin/order/view', [...])
 6 SYSTEMPATH\CodeIgniter.php(951): App\Controllers\Admin\Order->view('ORD20260704163207')
 7 SYSTEMPATH\CodeIgniter.php(497): CodeIgniter\CodeIgniter->runController(Object(App\Controllers\Admin\Order))
 8 SYSTEMPATH\CodeIgniter.php(340): CodeIgniter\CodeIgniter->handleRequest(null, Object(Config\Cache), false)
 9 SYSTEMPATH\Boot.php(417): CodeIgniter\CodeIgniter->run()
10 SYSTEMPATH\Boot.php(68): CodeIgniter\Boot::runCodeIgniter(Object(CodeIgniter\CodeIgniter))
11 FCPATH\index.php(59): CodeIgniter\Boot::bootWeb(Object(Config\Paths))
12 SYSTEMPATH\rewrite.php(44): require_once('D:\\customize_gifts\\public\\index.php')
CRITICAL - 2026-07-04 18:30:54 --> ErrorException: Undefined array key "full_name"
[Method: GET, Route: admin/order/view/ORD20260704163207]
in APPPATH\Views\admin\order\view.php on line 54.
 1 APPPATH\Views\admin\order\view.php(54): CodeIgniter\Debug\Exceptions->errorHandler(2, 'Undefined array key "full_name"', 'D:\\customize_gifts\\app\\Views\\admin\\order\\view.php', 54)
 2 SYSTEMPATH\View\View.php(240): include('D:\\customize_gifts\\app\\Views\\admin\\order\\view.php')
 3 SYSTEMPATH\View\View.php(243): CodeIgniter\View\View->CodeIgniter\View\{closure}()
 4 SYSTEMPATH\Common.php(1250): CodeIgniter\View\View->render('admin/order/view', [], true)
 5 APPPATH\Controllers\Admin\Order.php(22): view('admin/order/view', [...])
 6 SYSTEMPATH\CodeIgniter.php(951): App\Controllers\Admin\Order->view('ORD20260704163207')
 7 SYSTEMPATH\CodeIgniter.php(497): CodeIgniter\CodeIgniter->runController(Object(App\Controllers\Admin\Order))
 8 SYSTEMPATH\CodeIgniter.php(340): CodeIgniter\CodeIgniter->handleRequest(null, Object(Config\Cache), false)
 9 SYSTEMPATH\Boot.php(417): CodeIgniter\CodeIgniter->run()
10 SYSTEMPATH\Boot.php(68): CodeIgniter\Boot::runCodeIgniter(Object(CodeIgniter\CodeIgniter))
11 FCPATH\index.php(59): CodeIgniter\Boot::bootWeb(Object(Config\Paths))
12 SYSTEMPATH\rewrite.php(44): require_once('D:\\customize_gifts\\public\\index.php')
CRITICAL - 2026-07-04 18:36:07 --> ErrorException: Undefined array key "full_name"
[Method: GET, Route: admin/order/view/ORD20260704163207]
in APPPATH\Views\admin\order\view.php on line 54.
 1 APPPATH\Views\admin\order\view.php(54): CodeIgniter\Debug\Exceptions->errorHandler(2, 'Undefined array key "full_name"', 'D:\\customize_gifts\\app\\Views\\admin\\order\\view.php', 54)
 2 SYSTEMPATH\View\View.php(240): include('D:\\customize_gifts\\app\\Views\\admin\\order\\view.php')
 3 SYSTEMPATH\View\View.php(243): CodeIgniter\View\View->CodeIgniter\View\{closure}()
 4 SYSTEMPATH\Common.php(1250): CodeIgniter\View\View->render('admin/order/view', [], true)
 5 APPPATH\Controllers\Admin\Order.php(22): view('admin/order/view', [...])
 6 SYSTEMPATH\CodeIgniter.php(951): App\Controllers\Admin\Order->view('ORD20260704163207')
 7 SYSTEMPATH\CodeIgniter.php(497): CodeIgniter\CodeIgniter->runController(Object(App\Controllers\Admin\Order))
 8 SYSTEMPATH\CodeIgniter.php(340): CodeIgniter\CodeIgniter->handleRequest(null, Object(Config\Cache), false)
 9 SYSTEMPATH\Boot.php(417): CodeIgniter\CodeIgniter->run()
10 SYSTEMPATH\Boot.php(68): CodeIgniter\Boot::runCodeIgniter(Object(CodeIgniter\CodeIgniter))
11 FCPATH\index.php(59): CodeIgniter\Boot::bootWeb(Object(Config\Paths))
12 SYSTEMPATH\rewrite.php(44): require_once('D:\\customize_gifts\\public\\index.php')
CRITICAL - 2026-07-04 18:38:44 --> ErrorException: Undefined array key "full_name"
[Method: GET, Route: admin/order/view/ORD20260704163207]
in APPPATH\Views\admin\order\view.php on line 54.
 1 APPPATH\Views\admin\order\view.php(54): CodeIgniter\Debug\Exceptions->errorHandler(2, 'Undefined array key "full_name"', 'D:\\customize_gifts\\app\\Views\\admin\\order\\view.php', 54)
 2 SYSTEMPATH\View\View.php(240): include('D:\\customize_gifts\\app\\Views\\admin\\order\\view.php')
 3 SYSTEMPATH\View\View.php(243): CodeIgniter\View\View->CodeIgniter\View\{closure}()
 4 SYSTEMPATH\Common.php(1250): CodeIgniter\View\View->render('admin/order/view', [], true)
 5 APPPATH\Controllers\Admin\Order.php(22): view('admin/order/view', [...])
 6 SYSTEMPATH\CodeIgniter.php(951): App\Controllers\Admin\Order->view('ORD20260704163207')
 7 SYSTEMPATH\CodeIgniter.php(497): CodeIgniter\CodeIgniter->runController(Object(App\Controllers\Admin\Order))
 8 SYSTEMPATH\CodeIgniter.php(340): CodeIgniter\CodeIgniter->handleRequest(null, Object(Config\Cache), false)
 9 SYSTEMPATH\Boot.php(417): CodeIgniter\CodeIgniter->run()
10 SYSTEMPATH\Boot.php(68): CodeIgniter\Boot::runCodeIgniter(Object(CodeIgniter\CodeIgniter))
11 FCPATH\index.php(59): CodeIgniter\Boot::bootWeb(Object(Config\Paths))
12 SYSTEMPATH\rewrite.php(44): require_once('D:\\customize_gifts\\public\\index.php')
CRITICAL - 2026-07-04 18:46:49 --> CodeIgniter\HTTP\Exceptions\BadRequestException: The URI you submitted has disallowed characters: "<a href="
[Method: GET, Route: admin/order/view/%3Ca%20href=]
in SYSTEMPATH\Router\Router.php on line 768.
 1 SYSTEMPATH\Router\Router.php(219): CodeIgniter\Router\Router->checkDisallowedChars('admin/order/view/<a href=')
 2 SYSTEMPATH\CodeIgniter.php(829): CodeIgniter\Router\Router->handle('admin/order/view/<a href=')
 3 SYSTEMPATH\CodeIgniter.php(441): CodeIgniter\CodeIgniter->tryToRouteIt(Object(CodeIgniter\Router\RouteCollection))
 4 SYSTEMPATH\CodeIgniter.php(340): CodeIgniter\CodeIgniter->handleRequest(null, Object(Config\Cache), false)
 5 SYSTEMPATH\Boot.php(417): CodeIgniter\CodeIgniter->run()
 6 SYSTEMPATH\Boot.php(68): CodeIgniter\Boot::runCodeIgniter(Object(CodeIgniter\CodeIgniter))
 7 FCPATH\index.php(59): CodeIgniter\Boot::bootWeb(Object(Config\Paths))
 8 SYSTEMPATH\rewrite.php(44): require_once('D:\\customize_gifts\\public\\index.php')
CRITICAL - 2026-07-04 18:48:38 --> ErrorException: Undefined array key "order_id"
[Method: GET, Route: admin/order/view/ORD20260703160627]
in APPPATH\Views\admin\order\view.php on line 525.
 1 APPPATH\Views\admin\order\view.php(525): CodeIgniter\Debug\Exceptions->errorHandler(2, 'Undefined array key "order_id"', 'D:\\customize_gifts\\app\\Views\\admin\\order\\view.php', 525)
 2 SYSTEMPATH\View\View.php(240): include('D:\\customize_gifts\\app\\Views\\admin\\order\\view.php')
 3 SYSTEMPATH\View\View.php(243): CodeIgniter\View\View->CodeIgniter\View\{closure}()
 4 SYSTEMPATH\Common.php(1250): CodeIgniter\View\View->render('admin/order/view', [], true)
 5 APPPATH\Controllers\Admin\Order.php(34): view('admin/order/view', [...])
 6 SYSTEMPATH\CodeIgniter.php(951): App\Controllers\Admin\Order->view('ORD20260703160627')
 7 SYSTEMPATH\CodeIgniter.php(497): CodeIgniter\CodeIgniter->runController(Object(App\Controllers\Admin\Order))
 8 SYSTEMPATH\CodeIgniter.php(340): CodeIgniter\CodeIgniter->handleRequest(null, Object(Config\Cache), false)
 9 SYSTEMPATH\Boot.php(417): CodeIgniter\CodeIgniter->run()
10 SYSTEMPATH\Boot.php(68): CodeIgniter\Boot::runCodeIgniter(Object(CodeIgniter\CodeIgniter))
11 FCPATH\index.php(59): CodeIgniter\Boot::bootWeb(Object(Config\Paths))
12 SYSTEMPATH\rewrite.php(44): require_once('D:\\customize_gifts\\public\\index.php')
