CRITICAL - 2026-06-15 17:51:24 --> CodeIgniter\HTTP\Exceptions\BadRequestException: The URI you submitted has disallowed characters: "Classic Dry Fruits & Spiced Nuts"
[Method: GET, Route: shop/Classic%20Dry%20Fruits%20&%20Spiced%20Nuts]
in SYSTEMPATH\Router\Router.php on line 768.
 1 SYSTEMPATH\Router\Router.php(219): CodeIgniter\Router\Router->checkDisallowedChars('shop/Classic Dry Fruits & Spiced Nuts')
 2 SYSTEMPATH\CodeIgniter.php(829): CodeIgniter\Router\Router->handle('shop/Classic Dry Fruits & Spiced Nuts')
 3 SYSTEMPATH\CodeIgniter.php(441): CodeIgniter\CodeIgniter->tryToRouteIt(Object(CodeIgniter\Router\RouteCollection))
 4 SYSTEMPATH\CodeIgniter.php(340): CodeIgniter\CodeIgniter->handleRequest(null, Object(Config\Cache), false)
 5 SYSTEMPATH\Boot.php(417): CodeIgniter\CodeIgniter->run()
 6 SYSTEMPATH\Boot.php(68): CodeIgniter\Boot::runCodeIgniter(Object(CodeIgniter\CodeIgniter))
 7 FCPATH\index.php(59): CodeIgniter\Boot::bootWeb(Object(Config\Paths))
 8 SYSTEMPATH\rewrite.php(44): require_once('D:\\customize_gifts\\public\\index.php')
CRITICAL - 2026-06-15 18:46:35 --> ErrorException: Undefined variable $brand_id
[Method: GET, Route: shop/Premium%20Nuts]
in APPPATH\Views\pages\shop.php on line 322.
 1 APPPATH\Views\pages\shop.php(322): CodeIgniter\Debug\Exceptions->errorHandler(2, 'Undefined variable $brand_id', 'D:\\customize_gifts\\app\\Views\\pages\\shop.php', 322)
 2 SYSTEMPATH\View\View.php(240): include('D:\\customize_gifts\\app\\Views\\pages\\shop.php')
 3 SYSTEMPATH\View\View.php(243): CodeIgniter\View\View->CodeIgniter\View\{closure}()
 4 SYSTEMPATH\Common.php(1250): CodeIgniter\View\View->render('pages/shop', [], true)
 5 APPPATH\Controllers\Home.php(59): view('pages/shop', [...])
 6 SYSTEMPATH\CodeIgniter.php(951): App\Controllers\Home->shop('Premium Nuts')
 7 SYSTEMPATH\CodeIgniter.php(497): CodeIgniter\CodeIgniter->runController(Object(App\Controllers\Home))
 8 SYSTEMPATH\CodeIgniter.php(340): CodeIgniter\CodeIgniter->handleRequest(null, Object(Config\Cache), false)
 9 SYSTEMPATH\Boot.php(417): CodeIgniter\CodeIgniter->run()
10 SYSTEMPATH\Boot.php(68): CodeIgniter\Boot::runCodeIgniter(Object(CodeIgniter\CodeIgniter))
11 FCPATH\index.php(59): CodeIgniter\Boot::bootWeb(Object(Config\Paths))
12 SYSTEMPATH\rewrite.php(44): require_once('D:\\customize_gifts\\public\\index.php')
CRITICAL - 2026-06-15 18:47:25 --> ErrorException: Undefined variable $brand_id
[Method: GET, Route: shop/Premium%20Nuts]
in APPPATH\Views\pages\shop.php on line 322.
 1 APPPATH\Views\pages\shop.php(322): CodeIgniter\Debug\Exceptions->errorHandler(2, 'Undefined variable $brand_id', 'D:\\customize_gifts\\app\\Views\\pages\\shop.php', 322)
 2 SYSTEMPATH\View\View.php(240): include('D:\\customize_gifts\\app\\Views\\pages\\shop.php')
 3 SYSTEMPATH\View\View.php(243): CodeIgniter\View\View->CodeIgniter\View\{closure}()
 4 SYSTEMPATH\Common.php(1250): CodeIgniter\View\View->render('pages/shop', [], true)
 5 APPPATH\Controllers\Home.php(59): view('pages/shop', [...])
 6 SYSTEMPATH\CodeIgniter.php(951): App\Controllers\Home->shop('Premium Nuts')
 7 SYSTEMPATH\CodeIgniter.php(497): CodeIgniter\CodeIgniter->runController(Object(App\Controllers\Home))
 8 SYSTEMPATH\CodeIgniter.php(340): CodeIgniter\CodeIgniter->handleRequest(null, Object(Config\Cache), false)
 9 SYSTEMPATH\Boot.php(417): CodeIgniter\CodeIgniter->run()
10 SYSTEMPATH\Boot.php(68): CodeIgniter\Boot::runCodeIgniter(Object(CodeIgniter\CodeIgniter))
11 FCPATH\index.php(59): CodeIgniter\Boot::bootWeb(Object(Config\Paths))
12 SYSTEMPATH\rewrite.php(44): require_once('D:\\customize_gifts\\public\\index.php')
CRITICAL - 2026-06-15 18:48:09 --> ErrorException: Undefined variable $brand_id
[Method: GET, Route: shop/Premium%20Nuts]
in APPPATH\Views\pages\shop.php on line 322.
 1 APPPATH\Views\pages\shop.php(322): CodeIgniter\Debug\Exceptions->errorHandler(2, 'Undefined variable $brand_id', 'D:\\customize_gifts\\app\\Views\\pages\\shop.php', 322)
 2 SYSTEMPATH\View\View.php(240): include('D:\\customize_gifts\\app\\Views\\pages\\shop.php')
 3 SYSTEMPATH\View\View.php(243): CodeIgniter\View\View->CodeIgniter\View\{closure}()
 4 SYSTEMPATH\Common.php(1250): CodeIgniter\View\View->render('pages/shop', [], true)
 5 APPPATH\Controllers\Home.php(59): view('pages/shop', [...])
 6 SYSTEMPATH\CodeIgniter.php(951): App\Controllers\Home->shop('Premium Nuts')
 7 SYSTEMPATH\CodeIgniter.php(497): CodeIgniter\CodeIgniter->runController(Object(App\Controllers\Home))
 8 SYSTEMPATH\CodeIgniter.php(340): CodeIgniter\CodeIgniter->handleRequest(null, Object(Config\Cache), false)
 9 SYSTEMPATH\Boot.php(417): CodeIgniter\CodeIgniter->run()
10 SYSTEMPATH\Boot.php(68): CodeIgniter\Boot::runCodeIgniter(Object(CodeIgniter\CodeIgniter))
11 FCPATH\index.php(59): CodeIgniter\Boot::bootWeb(Object(Config\Paths))
12 SYSTEMPATH\rewrite.php(44): require_once('D:\\customize_gifts\\public\\index.php')
CRITICAL - 2026-06-15 18:48:17 --> ErrorException: Undefined variable $brand_id
[Method: GET, Route: shop/Premium%20Nuts]
in APPPATH\Views\pages\shop.php on line 322.
 1 APPPATH\Views\pages\shop.php(322): CodeIgniter\Debug\Exceptions->errorHandler(2, 'Undefined variable $brand_id', 'D:\\customize_gifts\\app\\Views\\pages\\shop.php', 322)
 2 SYSTEMPATH\View\View.php(240): include('D:\\customize_gifts\\app\\Views\\pages\\shop.php')
 3 SYSTEMPATH\View\View.php(243): CodeIgniter\View\View->CodeIgniter\View\{closure}()
 4 SYSTEMPATH\Common.php(1250): CodeIgniter\View\View->render('pages/shop', [], true)
 5 APPPATH\Controllers\Home.php(59): view('pages/shop', [...])
 6 SYSTEMPATH\CodeIgniter.php(951): App\Controllers\Home->shop('Premium Nuts')
 7 SYSTEMPATH\CodeIgniter.php(497): CodeIgniter\CodeIgniter->runController(Object(App\Controllers\Home))
 8 SYSTEMPATH\CodeIgniter.php(340): CodeIgniter\CodeIgniter->handleRequest(null, Object(Config\Cache), false)
 9 SYSTEMPATH\Boot.php(417): CodeIgniter\CodeIgniter->run()
10 SYSTEMPATH\Boot.php(68): CodeIgniter\Boot::runCodeIgniter(Object(CodeIgniter\CodeIgniter))
11 FCPATH\index.php(59): CodeIgniter\Boot::bootWeb(Object(Config\Paths))
12 SYSTEMPATH\rewrite.php(44): require_once('D:\\customize_gifts\\public\\index.php')
CRITICAL - 2026-06-15 18:48:43 --> ErrorException: Undefined variable $brand_id
[Method: GET, Route: shop/Premium%20Nuts]
in APPPATH\Views\pages\shop.php on line 322.
 1 APPPATH\Views\pages\shop.php(322): CodeIgniter\Debug\Exceptions->errorHandler(2, 'Undefined variable $brand_id', 'D:\\customize_gifts\\app\\Views\\pages\\shop.php', 322)
 2 SYSTEMPATH\View\View.php(240): include('D:\\customize_gifts\\app\\Views\\pages\\shop.php')
 3 SYSTEMPATH\View\View.php(243): CodeIgniter\View\View->CodeIgniter\View\{closure}()
 4 SYSTEMPATH\Common.php(1250): CodeIgniter\View\View->render('pages/shop', [], true)
 5 APPPATH\Controllers\Home.php(59): view('pages/shop', [...])
 6 SYSTEMPATH\CodeIgniter.php(951): App\Controllers\Home->shop('Premium Nuts')
 7 SYSTEMPATH\CodeIgniter.php(497): CodeIgniter\CodeIgniter->runController(Object(App\Controllers\Home))
 8 SYSTEMPATH\CodeIgniter.php(340): CodeIgniter\CodeIgniter->handleRequest(null, Object(Config\Cache), false)
 9 SYSTEMPATH\Boot.php(417): CodeIgniter\CodeIgniter->run()
10 SYSTEMPATH\Boot.php(68): CodeIgniter\Boot::runCodeIgniter(Object(CodeIgniter\CodeIgniter))
11 FCPATH\index.php(59): CodeIgniter\Boot::bootWeb(Object(Config\Paths))
12 SYSTEMPATH\rewrite.php(44): require_once('D:\\customize_gifts\\public\\index.php')
CRITICAL - 2026-06-15 18:51:54 --> ErrorException: Undefined variable $brand_id
[Method: GET, Route: shop/Premium%20Nuts]
in APPPATH\Views\pages\shop.php on line 320.
 1 APPPATH\Views\pages\shop.php(320): CodeIgniter\Debug\Exceptions->errorHandler(2, 'Undefined variable $brand_id', 'D:\\customize_gifts\\app\\Views\\pages\\shop.php', 320)
 2 SYSTEMPATH\View\View.php(240): include('D:\\customize_gifts\\app\\Views\\pages\\shop.php')
 3 SYSTEMPATH\View\View.php(243): CodeIgniter\View\View->CodeIgniter\View\{closure}()
 4 SYSTEMPATH\Common.php(1250): CodeIgniter\View\View->render('pages/shop', [], true)
 5 APPPATH\Controllers\Home.php(59): view('pages/shop', [...])
 6 SYSTEMPATH\CodeIgniter.php(951): App\Controllers\Home->shop('Premium Nuts')
 7 SYSTEMPATH\CodeIgniter.php(497): CodeIgniter\CodeIgniter->runController(Object(App\Controllers\Home))
 8 SYSTEMPATH\CodeIgniter.php(340): CodeIgniter\CodeIgniter->handleRequest(null, Object(Config\Cache), false)
 9 SYSTEMPATH\Boot.php(417): CodeIgniter\CodeIgniter->run()
10 SYSTEMPATH\Boot.php(68): CodeIgniter\Boot::runCodeIgniter(Object(CodeIgniter\CodeIgniter))
11 FCPATH\index.php(59): CodeIgniter\Boot::bootWeb(Object(Config\Paths))
12 SYSTEMPATH\rewrite.php(44): require_once('D:\\customize_gifts\\public\\index.php')
CRITICAL - 2026-06-15 18:54:48 --> ErrorException: Undefined variable $brand_id
[Method: GET, Route: shop/Premium%20Nuts]
in APPPATH\Views\pages\shop.php on line 320.
 1 APPPATH\Views\pages\shop.php(320): CodeIgniter\Debug\Exceptions->errorHandler(2, 'Undefined variable $brand_id', 'D:\\customize_gifts\\app\\Views\\pages\\shop.php', 320)
 2 SYSTEMPATH\View\View.php(240): include('D:\\customize_gifts\\app\\Views\\pages\\shop.php')
 3 SYSTEMPATH\View\View.php(243): CodeIgniter\View\View->CodeIgniter\View\{closure}()
 4 SYSTEMPATH\Common.php(1250): CodeIgniter\View\View->render('pages/shop', [], true)
 5 APPPATH\Controllers\Home.php(59): view('pages/shop', [...])
 6 SYSTEMPATH\CodeIgniter.php(951): App\Controllers\Home->shop('Premium Nuts')
 7 SYSTEMPATH\CodeIgniter.php(497): CodeIgniter\CodeIgniter->runController(Object(App\Controllers\Home))
 8 SYSTEMPATH\CodeIgniter.php(340): CodeIgniter\CodeIgniter->handleRequest(null, Object(Config\Cache), false)
 9 SYSTEMPATH\Boot.php(417): CodeIgniter\CodeIgniter->run()
10 SYSTEMPATH\Boot.php(68): CodeIgniter\Boot::runCodeIgniter(Object(CodeIgniter\CodeIgniter))
11 FCPATH\index.php(59): CodeIgniter\Boot::bootWeb(Object(Config\Paths))
12 SYSTEMPATH\rewrite.php(44): require_once('D:\\customize_gifts\\public\\index.php')
CRITICAL - 2026-06-15 19:43:11 --> ErrorException: Undefined variable $brand_id
[Method: GET, Route: shop/Premium%20Nuts]
in APPPATH\Views\pages\shop.php on line 316.
 1 APPPATH\Views\pages\shop.php(316): CodeIgniter\Debug\Exceptions->errorHandler(2, 'Undefined variable $brand_id', 'D:\\customize_gifts\\app\\Views\\pages\\shop.php', 316)
 2 SYSTEMPATH\View\View.php(240): include('D:\\customize_gifts\\app\\Views\\pages\\shop.php')
 3 SYSTEMPATH\View\View.php(243): CodeIgniter\View\View->CodeIgniter\View\{closure}()
 4 SYSTEMPATH\Common.php(1250): CodeIgniter\View\View->render('pages/shop', [], true)
 5 APPPATH\Controllers\Home.php(59): view('pages/shop', [...])
 6 SYSTEMPATH\CodeIgniter.php(951): App\Controllers\Home->shop('Premium Nuts')
 7 SYSTEMPATH\CodeIgniter.php(497): CodeIgniter\CodeIgniter->runController(Object(App\Controllers\Home))
 8 SYSTEMPATH\CodeIgniter.php(340): CodeIgniter\CodeIgniter->handleRequest(null, Object(Config\Cache), false)
 9 SYSTEMPATH\Boot.php(417): CodeIgniter\CodeIgniter->run()
10 SYSTEMPATH\Boot.php(68): CodeIgniter\Boot::runCodeIgniter(Object(CodeIgniter\CodeIgniter))
11 FCPATH\index.php(59): CodeIgniter\Boot::bootWeb(Object(Config\Paths))
12 SYSTEMPATH\rewrite.php(44): require_once('D:\\customize_gifts\\public\\index.php')
CRITICAL - 2026-06-15 19:46:42 --> ErrorException: Undefined variable $brand_id
[Method: GET, Route: shop/Premium%20Nuts]
in APPPATH\Views\pages\shop.php on line 316.
 1 APPPATH\Views\pages\shop.php(316): CodeIgniter\Debug\Exceptions->errorHandler(2, 'Undefined variable $brand_id', 'D:\\customize_gifts\\app\\Views\\pages\\shop.php', 316)
 2 SYSTEMPATH\View\View.php(240): include('D:\\customize_gifts\\app\\Views\\pages\\shop.php')
 3 SYSTEMPATH\View\View.php(243): CodeIgniter\View\View->CodeIgniter\View\{closure}()
 4 SYSTEMPATH\Common.php(1250): CodeIgniter\View\View->render('pages/shop', [], true)
 5 APPPATH\Controllers\Home.php(59): view('pages/shop', [...])
 6 SYSTEMPATH\CodeIgniter.php(951): App\Controllers\Home->shop('Premium Nuts')
 7 SYSTEMPATH\CodeIgniter.php(497): CodeIgniter\CodeIgniter->runController(Object(App\Controllers\Home))
 8 SYSTEMPATH\CodeIgniter.php(340): CodeIgniter\CodeIgniter->handleRequest(null, Object(Config\Cache), false)
 9 SYSTEMPATH\Boot.php(417): CodeIgniter\CodeIgniter->run()
10 SYSTEMPATH\Boot.php(68): CodeIgniter\Boot::runCodeIgniter(Object(CodeIgniter\CodeIgniter))
11 FCPATH\index.php(59): CodeIgniter\Boot::bootWeb(Object(Config\Paths))
12 SYSTEMPATH\rewrite.php(44): require_once('D:\\customize_gifts\\public\\index.php')
