CRITICAL - 2026-06-23 15:57:56 --> ErrorException: Undefined variable $related_products
[Method: GET, Route: product_view/10]
in APPPATH\Views\pages\product_view.php on line 554.
 1 APPPATH\Views\pages\product_view.php(554): CodeIgniter\Debug\Exceptions->errorHandler(2, 'Undefined variable $related_products', 'D:\\customize_gifts\\app\\Views\\pages\\product_view.php', 554)
 2 SYSTEMPATH\View\View.php(240): include('D:\\customize_gifts\\app\\Views\\pages\\product_view.php')
 3 SYSTEMPATH\View\View.php(243): CodeIgniter\View\View->CodeIgniter\View\{closure}()
 4 SYSTEMPATH\Common.php(1250): CodeIgniter\View\View->render('pages/product_view', [], true)
 5 APPPATH\Controllers\Admin\Pages\Shop.php(27): view('pages/product_view', [...])
 6 SYSTEMPATH\CodeIgniter.php(951): App\Controllers\Admin\Pages\Shop->product_view('10')
 7 SYSTEMPATH\CodeIgniter.php(497): CodeIgniter\CodeIgniter->runController(Object(App\Controllers\Admin\Pages\Shop))
 8 SYSTEMPATH\CodeIgniter.php(340): CodeIgniter\CodeIgniter->handleRequest(null, Object(Config\Cache), false)
 9 SYSTEMPATH\Boot.php(417): CodeIgniter\CodeIgniter->run()
10 SYSTEMPATH\Boot.php(68): CodeIgniter\Boot::runCodeIgniter(Object(CodeIgniter\CodeIgniter))
11 FCPATH\index.php(59): CodeIgniter\Boot::bootWeb(Object(Config\Paths))
12 SYSTEMPATH\rewrite.php(44): require_once('D:\\customize_gifts\\public\\index.php')
CRITICAL - 2026-06-23 17:25:10 --> CodeIgniter\View\Exceptions\ViewException: Invalid file: "cart/cart.php"
[Method: GET, Route: cart]
in SYSTEMPATH\Exceptions\FrameworkException.php on line 39.
 1 SYSTEMPATH\View\View.php(228): CodeIgniter\Exceptions\FrameworkException::forInvalidFile('cart/cart.php')
 2 SYSTEMPATH\Common.php(1250): CodeIgniter\View\View->render('cart/cart', [], true)
 3 APPPATH\Controllers\PolicyController.php(36): view('cart/cart')
 4 SYSTEMPATH\CodeIgniter.php(951): App\Controllers\PolicyController->cart()
 5 SYSTEMPATH\CodeIgniter.php(497): CodeIgniter\CodeIgniter->runController(Object(App\Controllers\PolicyController))
 6 SYSTEMPATH\CodeIgniter.php(340): CodeIgniter\CodeIgniter->handleRequest(null, Object(Config\Cache), false)
 7 SYSTEMPATH\Boot.php(417): CodeIgniter\CodeIgniter->run()
 8 SYSTEMPATH\Boot.php(68): CodeIgniter\Boot::runCodeIgniter(Object(CodeIgniter\CodeIgniter))
 9 FCPATH\index.php(59): CodeIgniter\Boot::bootWeb(Object(Config\Paths))
10 SYSTEMPATH\rewrite.php(44): require_once('D:\\customize_gifts\\public\\index.php')
