CRITICAL - 2026-04-25 07:12:44 --> ErrorException: Undefined variable $brands
[Method: GET, Route: products/insert_products]
in APPPATH\Views\admin\products\insert_products.php on line 178.
 1 APPPATH\Views\admin\products\insert_products.php(178): CodeIgniter\Debug\Exceptions->errorHandler(2, 'Undefined variable $brands', 'D:\\customize_gifts\\app\\Views\\admin\\products\\insert_products.php', 178)
 2 SYSTEMPATH\View\View.php(240): include('D:\\customize_gifts\\app\\Views\\admin\\products\\insert_products.php')
 3 SYSTEMPATH\View\View.php(243): CodeIgniter\View\View->CodeIgniter\View\{closure}()
 4 SYSTEMPATH\Common.php(1250): CodeIgniter\View\View->render('admin/products/insert_products', [], true)
 5 APPPATH\Controllers\Admin\Panel.php(15): view('admin/products/insert_products')
 6 SYSTEMPATH\CodeIgniter.php(951): App\Controllers\Admin\Panel->insertProducts()
 7 SYSTEMPATH\CodeIgniter.php(497): CodeIgniter\CodeIgniter->runController(Object(App\Controllers\Admin\Panel))
 8 SYSTEMPATH\CodeIgniter.php(340): CodeIgniter\CodeIgniter->handleRequest(null, Object(Config\Cache), false)
 9 SYSTEMPATH\Boot.php(417): CodeIgniter\CodeIgniter->run()
10 SYSTEMPATH\Boot.php(68): CodeIgniter\Boot::runCodeIgniter(Object(CodeIgniter\CodeIgniter))
11 FCPATH\index.php(59): CodeIgniter\Boot::bootWeb(Object(Config\Paths))
12 SYSTEMPATH\rewrite.php(44): require_once('D:\\customize_gifts\\public\\index.php')
CRITICAL - 2026-04-25 07:13:43 --> ErrorException: Undefined variable $brands
[Method: GET, Route: products/insert_products]
in APPPATH\Views\admin\products\insert_products.php on line 178.
 1 APPPATH\Views\admin\products\insert_products.php(178): CodeIgniter\Debug\Exceptions->errorHandler(2, 'Undefined variable $brands', 'D:\\customize_gifts\\app\\Views\\admin\\products\\insert_products.php', 178)
 2 SYSTEMPATH\View\View.php(240): include('D:\\customize_gifts\\app\\Views\\admin\\products\\insert_products.php')
 3 SYSTEMPATH\View\View.php(243): CodeIgniter\View\View->CodeIgniter\View\{closure}()
 4 SYSTEMPATH\Common.php(1250): CodeIgniter\View\View->render('admin/products/insert_products', [], true)
 5 APPPATH\Controllers\Admin\Panel.php(15): view('admin/products/insert_products')
 6 SYSTEMPATH\CodeIgniter.php(951): App\Controllers\Admin\Panel->insertProducts()
 7 SYSTEMPATH\CodeIgniter.php(497): CodeIgniter\CodeIgniter->runController(Object(App\Controllers\Admin\Panel))
 8 SYSTEMPATH\CodeIgniter.php(340): CodeIgniter\CodeIgniter->handleRequest(null, Object(Config\Cache), false)
 9 SYSTEMPATH\Boot.php(417): CodeIgniter\CodeIgniter->run()
10 SYSTEMPATH\Boot.php(68): CodeIgniter\Boot::runCodeIgniter(Object(CodeIgniter\CodeIgniter))
11 FCPATH\index.php(59): CodeIgniter\Boot::bootWeb(Object(Config\Paths))
12 SYSTEMPATH\rewrite.php(44): require_once('D:\\customize_gifts\\public\\index.php')
CRITICAL - 2026-04-25 07:14:42 --> ErrorException: Undefined variable $brands
[Method: GET, Route: products/insert_products]
in APPPATH\Views\admin\products\insert_products.php on line 178.
 1 APPPATH\Views\admin\products\insert_products.php(178): CodeIgniter\Debug\Exceptions->errorHandler(2, 'Undefined variable $brands', 'D:\\customize_gifts\\app\\Views\\admin\\products\\insert_products.php', 178)
 2 SYSTEMPATH\View\View.php(240): include('D:\\customize_gifts\\app\\Views\\admin\\products\\insert_products.php')
 3 SYSTEMPATH\View\View.php(243): CodeIgniter\View\View->CodeIgniter\View\{closure}()
 4 SYSTEMPATH\Common.php(1250): CodeIgniter\View\View->render('admin/products/insert_products', [], true)
 5 APPPATH\Controllers\Admin\Panel.php(15): view('admin/products/insert_products')
 6 SYSTEMPATH\CodeIgniter.php(951): App\Controllers\Admin\Panel->insertProducts()
 7 SYSTEMPATH\CodeIgniter.php(497): CodeIgniter\CodeIgniter->runController(Object(App\Controllers\Admin\Panel))
 8 SYSTEMPATH\CodeIgniter.php(340): CodeIgniter\CodeIgniter->handleRequest(null, Object(Config\Cache), false)
 9 SYSTEMPATH\Boot.php(417): CodeIgniter\CodeIgniter->run()
10 SYSTEMPATH\Boot.php(68): CodeIgniter\Boot::runCodeIgniter(Object(CodeIgniter\CodeIgniter))
11 FCPATH\index.php(59): CodeIgniter\Boot::bootWeb(Object(Config\Paths))
12 SYSTEMPATH\rewrite.php(44): require_once('D:\\customize_gifts\\public\\index.php')
CRITICAL - 2026-04-25 07:22:38 --> ErrorException: Undefined variable $brands
[Method: GET, Route: products/insert_products]
in APPPATH\Views\admin\products\insert_products.php on line 178.
 1 APPPATH\Views\admin\products\insert_products.php(178): CodeIgniter\Debug\Exceptions->errorHandler(2, 'Undefined variable $brands', 'D:\\customize_gifts\\app\\Views\\admin\\products\\insert_products.php', 178)
 2 SYSTEMPATH\View\View.php(240): include('D:\\customize_gifts\\app\\Views\\admin\\products\\insert_products.php')
 3 SYSTEMPATH\View\View.php(243): CodeIgniter\View\View->CodeIgniter\View\{closure}()
 4 SYSTEMPATH\Common.php(1250): CodeIgniter\View\View->render('admin/products/insert_products', [], true)
 5 APPPATH\Controllers\Admin\Panel.php(15): view('admin/products/insert_products')
 6 SYSTEMPATH\CodeIgniter.php(951): App\Controllers\Admin\Panel->insertProducts()
 7 SYSTEMPATH\CodeIgniter.php(497): CodeIgniter\CodeIgniter->runController(Object(App\Controllers\Admin\Panel))
 8 SYSTEMPATH\CodeIgniter.php(340): CodeIgniter\CodeIgniter->handleRequest(null, Object(Config\Cache), false)
 9 SYSTEMPATH\Boot.php(417): CodeIgniter\CodeIgniter->run()
10 SYSTEMPATH\Boot.php(68): CodeIgniter\Boot::runCodeIgniter(Object(CodeIgniter\CodeIgniter))
11 FCPATH\index.php(59): CodeIgniter\Boot::bootWeb(Object(Config\Paths))
12 SYSTEMPATH\rewrite.php(44): require_once('D:\\customize_gifts\\public\\index.php')
CRITICAL - 2026-04-25 07:24:49 --> ErrorException: Undefined variable $brands
[Method: GET, Route: products/insert_products]
in APPPATH\Views\admin\products\insert_products.php on line 178.
 1 APPPATH\Views\admin\products\insert_products.php(178): CodeIgniter\Debug\Exceptions->errorHandler(2, 'Undefined variable $brands', 'D:\\customize_gifts\\app\\Views\\admin\\products\\insert_products.php', 178)
 2 SYSTEMPATH\View\View.php(240): include('D:\\customize_gifts\\app\\Views\\admin\\products\\insert_products.php')
 3 SYSTEMPATH\View\View.php(243): CodeIgniter\View\View->CodeIgniter\View\{closure}()
 4 SYSTEMPATH\Common.php(1250): CodeIgniter\View\View->render('admin/products/insert_products', [], true)
 5 APPPATH\Controllers\Admin\Panel.php(15): view('admin/products/insert_products')
 6 SYSTEMPATH\CodeIgniter.php(951): App\Controllers\Admin\Panel->insertProducts()
 7 SYSTEMPATH\CodeIgniter.php(497): CodeIgniter\CodeIgniter->runController(Object(App\Controllers\Admin\Panel))
 8 SYSTEMPATH\CodeIgniter.php(340): CodeIgniter\CodeIgniter->handleRequest(null, Object(Config\Cache), false)
 9 SYSTEMPATH\Boot.php(417): CodeIgniter\CodeIgniter->run()
10 SYSTEMPATH\Boot.php(68): CodeIgniter\Boot::runCodeIgniter(Object(CodeIgniter\CodeIgniter))
11 FCPATH\index.php(59): CodeIgniter\Boot::bootWeb(Object(Config\Paths))
12 SYSTEMPATH\rewrite.php(44): require_once('D:\\customize_gifts\\public\\index.php')
CRITICAL - 2026-04-25 07:24:51 --> ErrorException: Undefined variable $brands
[Method: GET, Route: products/insert_products]
in APPPATH\Views\admin\products\insert_products.php on line 178.
 1 APPPATH\Views\admin\products\insert_products.php(178): CodeIgniter\Debug\Exceptions->errorHandler(2, 'Undefined variable $brands', 'D:\\customize_gifts\\app\\Views\\admin\\products\\insert_products.php', 178)
 2 SYSTEMPATH\View\View.php(240): include('D:\\customize_gifts\\app\\Views\\admin\\products\\insert_products.php')
 3 SYSTEMPATH\View\View.php(243): CodeIgniter\View\View->CodeIgniter\View\{closure}()
 4 SYSTEMPATH\Common.php(1250): CodeIgniter\View\View->render('admin/products/insert_products', [], true)
 5 APPPATH\Controllers\Admin\Panel.php(15): view('admin/products/insert_products')
 6 SYSTEMPATH\CodeIgniter.php(951): App\Controllers\Admin\Panel->insertProducts()
 7 SYSTEMPATH\CodeIgniter.php(497): CodeIgniter\CodeIgniter->runController(Object(App\Controllers\Admin\Panel))
 8 SYSTEMPATH\CodeIgniter.php(340): CodeIgniter\CodeIgniter->handleRequest(null, Object(Config\Cache), false)
 9 SYSTEMPATH\Boot.php(417): CodeIgniter\CodeIgniter->run()
10 SYSTEMPATH\Boot.php(68): CodeIgniter\Boot::runCodeIgniter(Object(CodeIgniter\CodeIgniter))
11 FCPATH\index.php(59): CodeIgniter\Boot::bootWeb(Object(Config\Paths))
12 SYSTEMPATH\rewrite.php(44): require_once('D:\\customize_gifts\\public\\index.php')
CRITICAL - 2026-04-25 07:27:22 --> ErrorException: Undefined variable $b
[Method: GET, Route: products/insert_products]
in APPPATH\Views\admin\products\insert_products.php on line 187.
 1 APPPATH\Views\admin\products\insert_products.php(187): CodeIgniter\Debug\Exceptions->errorHandler(2, 'Undefined variable $b', 'D:\\customize_gifts\\app\\Views\\admin\\products\\insert_products.php', 187)
 2 SYSTEMPATH\View\View.php(240): include('D:\\customize_gifts\\app\\Views\\admin\\products\\insert_products.php')
 3 SYSTEMPATH\View\View.php(243): CodeIgniter\View\View->CodeIgniter\View\{closure}()
 4 SYSTEMPATH\Common.php(1250): CodeIgniter\View\View->render('admin/products/insert_products', [], true)
 5 APPPATH\Controllers\Admin\Panel.php(15): view('admin/products/insert_products')
 6 SYSTEMPATH\CodeIgniter.php(951): App\Controllers\Admin\Panel->insertProducts()
 7 SYSTEMPATH\CodeIgniter.php(497): CodeIgniter\CodeIgniter->runController(Object(App\Controllers\Admin\Panel))
 8 SYSTEMPATH\CodeIgniter.php(340): CodeIgniter\CodeIgniter->handleRequest(null, Object(Config\Cache), false)
 9 SYSTEMPATH\Boot.php(417): CodeIgniter\CodeIgniter->run()
10 SYSTEMPATH\Boot.php(68): CodeIgniter\Boot::runCodeIgniter(Object(CodeIgniter\CodeIgniter))
11 FCPATH\index.php(59): CodeIgniter\Boot::bootWeb(Object(Config\Paths))
12 SYSTEMPATH\rewrite.php(44): require_once('D:\\customize_gifts\\public\\index.php')
CRITICAL - 2026-04-25 07:57:20 --> ParseError: syntax error, unexpected end of file, expecting "elseif" or "else" or "endif"
[Method: GET, Route: products/insert_products]
in APPPATH\Views\admin\products\insert_products.php on line 212.
 1 SYSTEMPATH\View\View.php(243): CodeIgniter\View\View->CodeIgniter\View\{closure}()
 2 SYSTEMPATH\Common.php(1250): CodeIgniter\View\View->render('admin/products/insert_products', [], true)
 3 APPPATH\Controllers\Admin\Panel.php(15): view('admin/products/insert_products')
 4 SYSTEMPATH\CodeIgniter.php(951): App\Controllers\Admin\Panel->insertProducts()
 5 SYSTEMPATH\CodeIgniter.php(497): CodeIgniter\CodeIgniter->runController(Object(App\Controllers\Admin\Panel))
 6 SYSTEMPATH\CodeIgniter.php(340): CodeIgniter\CodeIgniter->handleRequest(null, Object(Config\Cache), false)
 7 SYSTEMPATH\Boot.php(417): CodeIgniter\CodeIgniter->run()
 8 SYSTEMPATH\Boot.php(68): CodeIgniter\Boot::runCodeIgniter(Object(CodeIgniter\CodeIgniter))
 9 FCPATH\index.php(59): CodeIgniter\Boot::bootWeb(Object(Config\Paths))
10 SYSTEMPATH\rewrite.php(44): require_once('D:\\customize_gifts\\public\\index.php')
CRITICAL - 2026-04-25 08:03:41 --> ErrorException: Undefined variable $brands
[Method: GET, Route: products/insert_products]
in APPPATH\Views\admin\products\insert_products.php on line 1.
 1 APPPATH\Views\admin\products\insert_products.php(1): CodeIgniter\Debug\Exceptions->errorHandler(2, 'Undefined variable $brands', 'D:\\customize_gifts\\app\\Views\\admin\\products\\insert_products.php', 1)
 2 SYSTEMPATH\View\View.php(240): include('D:\\customize_gifts\\app\\Views\\admin\\products\\insert_products.php')
 3 SYSTEMPATH\View\View.php(243): CodeIgniter\View\View->CodeIgniter\View\{closure}()
 4 SYSTEMPATH\Common.php(1250): CodeIgniter\View\View->render('admin/products/insert_products', [], true)
 5 APPPATH\Controllers\Admin\Panel.php(15): view('admin/products/insert_products')
 6 SYSTEMPATH\CodeIgniter.php(951): App\Controllers\Admin\Panel->insertProducts()
 7 SYSTEMPATH\CodeIgniter.php(497): CodeIgniter\CodeIgniter->runController(Object(App\Controllers\Admin\Panel))
 8 SYSTEMPATH\CodeIgniter.php(340): CodeIgniter\CodeIgniter->handleRequest(null, Object(Config\Cache), false)
 9 SYSTEMPATH\Boot.php(417): CodeIgniter\CodeIgniter->run()
10 SYSTEMPATH\Boot.php(68): CodeIgniter\Boot::runCodeIgniter(Object(CodeIgniter\CodeIgniter))
11 FCPATH\index.php(59): CodeIgniter\Boot::bootWeb(Object(Config\Paths))
12 SYSTEMPATH\rewrite.php(44): require_once('D:\\customize_gifts\\public\\index.php')
CRITICAL - 2026-04-25 08:04:23 --> ErrorException: Undefined variable $brands
[Method: GET, Route: products/insert_products]
in APPPATH\Views\admin\products\insert_products.php on line 1.
 1 APPPATH\Views\admin\products\insert_products.php(1): CodeIgniter\Debug\Exceptions->errorHandler(2, 'Undefined variable $brands', 'D:\\customize_gifts\\app\\Views\\admin\\products\\insert_products.php', 1)
 2 SYSTEMPATH\View\View.php(240): include('D:\\customize_gifts\\app\\Views\\admin\\products\\insert_products.php')
 3 SYSTEMPATH\View\View.php(243): CodeIgniter\View\View->CodeIgniter\View\{closure}()
 4 SYSTEMPATH\Common.php(1250): CodeIgniter\View\View->render('admin/products/insert_products', [], true)
 5 APPPATH\Controllers\Admin\Panel.php(15): view('admin/products/insert_products')
 6 SYSTEMPATH\CodeIgniter.php(951): App\Controllers\Admin\Panel->insertProducts()
 7 SYSTEMPATH\CodeIgniter.php(497): CodeIgniter\CodeIgniter->runController(Object(App\Controllers\Admin\Panel))
 8 SYSTEMPATH\CodeIgniter.php(340): CodeIgniter\CodeIgniter->handleRequest(null, Object(Config\Cache), false)
 9 SYSTEMPATH\Boot.php(417): CodeIgniter\CodeIgniter->run()
10 SYSTEMPATH\Boot.php(68): CodeIgniter\Boot::runCodeIgniter(Object(CodeIgniter\CodeIgniter))
11 FCPATH\index.php(59): CodeIgniter\Boot::bootWeb(Object(Config\Paths))
12 SYSTEMPATH\rewrite.php(44): require_once('D:\\customize_gifts\\public\\index.php')
CRITICAL - 2026-04-25 08:29:49 --> ErrorException: Undefined variable $brands
[Method: GET, Route: products/insert_products]
in APPPATH\Views\admin\products\insert_products.php on line 1.
 1 APPPATH\Views\admin\products\insert_products.php(1): CodeIgniter\Debug\Exceptions->errorHandler(2, 'Undefined variable $brands', 'D:\\customize_gifts\\app\\Views\\admin\\products\\insert_products.php', 1)
 2 SYSTEMPATH\View\View.php(240): include('D:\\customize_gifts\\app\\Views\\admin\\products\\insert_products.php')
 3 SYSTEMPATH\View\View.php(243): CodeIgniter\View\View->CodeIgniter\View\{closure}()
 4 SYSTEMPATH\Common.php(1250): CodeIgniter\View\View->render('admin/products/insert_products', [], true)
 5 APPPATH\Controllers\Admin\Panel.php(15): view('admin/products/insert_products')
 6 SYSTEMPATH\CodeIgniter.php(951): App\Controllers\Admin\Panel->insertProducts()
 7 SYSTEMPATH\CodeIgniter.php(497): CodeIgniter\CodeIgniter->runController(Object(App\Controllers\Admin\Panel))
 8 SYSTEMPATH\CodeIgniter.php(340): CodeIgniter\CodeIgniter->handleRequest(null, Object(Config\Cache), false)
 9 SYSTEMPATH\Boot.php(417): CodeIgniter\CodeIgniter->run()
10 SYSTEMPATH\Boot.php(68): CodeIgniter\Boot::runCodeIgniter(Object(CodeIgniter\CodeIgniter))
11 FCPATH\index.php(59): CodeIgniter\Boot::bootWeb(Object(Config\Paths))
12 SYSTEMPATH\rewrite.php(44): require_once('D:\\customize_gifts\\public\\index.php')
CRITICAL - 2026-04-25 08:31:10 --> ErrorException: Undefined variable $brands
[Method: GET, Route: products/insert_products]
in APPPATH\Views\admin\products\insert_products.php on line 1.
 1 APPPATH\Views\admin\products\insert_products.php(1): CodeIgniter\Debug\Exceptions->errorHandler(2, 'Undefined variable $brands', 'D:\\customize_gifts\\app\\Views\\admin\\products\\insert_products.php', 1)
 2 SYSTEMPATH\View\View.php(240): include('D:\\customize_gifts\\app\\Views\\admin\\products\\insert_products.php')
 3 SYSTEMPATH\View\View.php(243): CodeIgniter\View\View->CodeIgniter\View\{closure}()
 4 SYSTEMPATH\Common.php(1250): CodeIgniter\View\View->render('admin/products/insert_products', [], true)
 5 APPPATH\Controllers\Admin\Panel.php(15): view('admin/products/insert_products')
 6 SYSTEMPATH\CodeIgniter.php(951): App\Controllers\Admin\Panel->insertProducts()
 7 SYSTEMPATH\CodeIgniter.php(497): CodeIgniter\CodeIgniter->runController(Object(App\Controllers\Admin\Panel))
 8 SYSTEMPATH\CodeIgniter.php(340): CodeIgniter\CodeIgniter->handleRequest(null, Object(Config\Cache), false)
 9 SYSTEMPATH\Boot.php(417): CodeIgniter\CodeIgniter->run()
10 SYSTEMPATH\Boot.php(68): CodeIgniter\Boot::runCodeIgniter(Object(CodeIgniter\CodeIgniter))
11 FCPATH\index.php(59): CodeIgniter\Boot::bootWeb(Object(Config\Paths))
12 SYSTEMPATH\rewrite.php(44): require_once('D:\\customize_gifts\\public\\index.php')
CRITICAL - 2026-04-25 08:31:12 --> ErrorException: Undefined variable $brands
[Method: GET, Route: products/insert_products]
in APPPATH\Views\admin\products\insert_products.php on line 1.
 1 APPPATH\Views\admin\products\insert_products.php(1): CodeIgniter\Debug\Exceptions->errorHandler(2, 'Undefined variable $brands', 'D:\\customize_gifts\\app\\Views\\admin\\products\\insert_products.php', 1)
 2 SYSTEMPATH\View\View.php(240): include('D:\\customize_gifts\\app\\Views\\admin\\products\\insert_products.php')
 3 SYSTEMPATH\View\View.php(243): CodeIgniter\View\View->CodeIgniter\View\{closure}()
 4 SYSTEMPATH\Common.php(1250): CodeIgniter\View\View->render('admin/products/insert_products', [], true)
 5 APPPATH\Controllers\Admin\Panel.php(15): view('admin/products/insert_products')
 6 SYSTEMPATH\CodeIgniter.php(951): App\Controllers\Admin\Panel->insertProducts()
 7 SYSTEMPATH\CodeIgniter.php(497): CodeIgniter\CodeIgniter->runController(Object(App\Controllers\Admin\Panel))
 8 SYSTEMPATH\CodeIgniter.php(340): CodeIgniter\CodeIgniter->handleRequest(null, Object(Config\Cache), false)
 9 SYSTEMPATH\Boot.php(417): CodeIgniter\CodeIgniter->run()
10 SYSTEMPATH\Boot.php(68): CodeIgniter\Boot::runCodeIgniter(Object(CodeIgniter\CodeIgniter))
11 FCPATH\index.php(59): CodeIgniter\Boot::bootWeb(Object(Config\Paths))
12 SYSTEMPATH\rewrite.php(44): require_once('D:\\customize_gifts\\public\\index.php')
CRITICAL - 2026-04-25 08:38:34 --> ErrorException: Undefined variable $brands
[Method: GET, Route: products/insert_products]
in APPPATH\Views\admin\products\insert_products.php on line 4.
 1 APPPATH\Views\admin\products\insert_products.php(4): CodeIgniter\Debug\Exceptions->errorHandler(2, 'Undefined variable $brands', 'D:\\customize_gifts\\app\\Views\\admin\\products\\insert_products.php', 4)
 2 SYSTEMPATH\View\View.php(240): include('D:\\customize_gifts\\app\\Views\\admin\\products\\insert_products.php')
 3 SYSTEMPATH\View\View.php(243): CodeIgniter\View\View->CodeIgniter\View\{closure}()
 4 SYSTEMPATH\Common.php(1250): CodeIgniter\View\View->render('admin/products/insert_products', [], true)
 5 APPPATH\Controllers\Admin\Panel.php(15): view('admin/products/insert_products')
 6 SYSTEMPATH\CodeIgniter.php(951): App\Controllers\Admin\Panel->insertProducts()
 7 SYSTEMPATH\CodeIgniter.php(497): CodeIgniter\CodeIgniter->runController(Object(App\Controllers\Admin\Panel))
 8 SYSTEMPATH\CodeIgniter.php(340): CodeIgniter\CodeIgniter->handleRequest(null, Object(Config\Cache), false)
 9 SYSTEMPATH\Boot.php(417): CodeIgniter\CodeIgniter->run()
10 SYSTEMPATH\Boot.php(68): CodeIgniter\Boot::runCodeIgniter(Object(CodeIgniter\CodeIgniter))
11 FCPATH\index.php(59): CodeIgniter\Boot::bootWeb(Object(Config\Paths))
12 SYSTEMPATH\rewrite.php(44): require_once('D:\\customize_gifts\\public\\index.php')
CRITICAL - 2026-04-25 08:38:55 --> ErrorException: Undefined variable $brands
[Method: GET, Route: products/insert_products]
in APPPATH\Views\admin\products\insert_products.php on line 4.
 1 APPPATH\Views\admin\products\insert_products.php(4): CodeIgniter\Debug\Exceptions->errorHandler(2, 'Undefined variable $brands', 'D:\\customize_gifts\\app\\Views\\admin\\products\\insert_products.php', 4)
 2 SYSTEMPATH\View\View.php(240): include('D:\\customize_gifts\\app\\Views\\admin\\products\\insert_products.php')
 3 SYSTEMPATH\View\View.php(243): CodeIgniter\View\View->CodeIgniter\View\{closure}()
 4 SYSTEMPATH\Common.php(1250): CodeIgniter\View\View->render('admin/products/insert_products', [], true)
 5 APPPATH\Controllers\Admin\Panel.php(15): view('admin/products/insert_products')
 6 SYSTEMPATH\CodeIgniter.php(951): App\Controllers\Admin\Panel->insertProducts()
 7 SYSTEMPATH\CodeIgniter.php(497): CodeIgniter\CodeIgniter->runController(Object(App\Controllers\Admin\Panel))
 8 SYSTEMPATH\CodeIgniter.php(340): CodeIgniter\CodeIgniter->handleRequest(null, Object(Config\Cache), false)
 9 SYSTEMPATH\Boot.php(417): CodeIgniter\CodeIgniter->run()
10 SYSTEMPATH\Boot.php(68): CodeIgniter\Boot::runCodeIgniter(Object(CodeIgniter\CodeIgniter))
11 FCPATH\index.php(59): CodeIgniter\Boot::bootWeb(Object(Config\Paths))
12 SYSTEMPATH\rewrite.php(44): require_once('D:\\customize_gifts\\public\\index.php')
CRITICAL - 2026-04-25 08:40:48 --> ErrorException: Undefined variable $b
[Method: GET, Route: products/insert_products]
in APPPATH\Views\admin\products\insert_products.php on line 5.
 1 APPPATH\Views\admin\products\insert_products.php(5): CodeIgniter\Debug\Exceptions->errorHandler(2, 'Undefined variable $b', 'D:\\customize_gifts\\app\\Views\\admin\\products\\insert_products.php', 5)
 2 SYSTEMPATH\View\View.php(240): include('D:\\customize_gifts\\app\\Views\\admin\\products\\insert_products.php')
 3 SYSTEMPATH\View\View.php(243): CodeIgniter\View\View->CodeIgniter\View\{closure}()
 4 SYSTEMPATH\Common.php(1250): CodeIgniter\View\View->render('admin/products/insert_products', [], true)
 5 APPPATH\Controllers\Admin\Panel.php(15): view('admin/products/insert_products')
 6 SYSTEMPATH\CodeIgniter.php(951): App\Controllers\Admin\Panel->insertProducts()
 7 SYSTEMPATH\CodeIgniter.php(497): CodeIgniter\CodeIgniter->runController(Object(App\Controllers\Admin\Panel))
 8 SYSTEMPATH\CodeIgniter.php(340): CodeIgniter\CodeIgniter->handleRequest(null, Object(Config\Cache), false)
 9 SYSTEMPATH\Boot.php(417): CodeIgniter\CodeIgniter->run()
10 SYSTEMPATH\Boot.php(68): CodeIgniter\Boot::runCodeIgniter(Object(CodeIgniter\CodeIgniter))
11 FCPATH\index.php(59): CodeIgniter\Boot::bootWeb(Object(Config\Paths))
12 SYSTEMPATH\rewrite.php(44): require_once('D:\\customize_gifts\\public\\index.php')
CRITICAL - 2026-04-25 08:45:21 --> ErrorException: Undefined variable $brands
[Method: GET, Route: products/insert_products]
in APPPATH\Views\admin\products\insert_products.php on line 4.
 1 APPPATH\Views\admin\products\insert_products.php(4): CodeIgniter\Debug\Exceptions->errorHandler(2, 'Undefined variable $brands', 'D:\\customize_gifts\\app\\Views\\admin\\products\\insert_products.php', 4)
 2 SYSTEMPATH\View\View.php(240): include('D:\\customize_gifts\\app\\Views\\admin\\products\\insert_products.php')
 3 SYSTEMPATH\View\View.php(243): CodeIgniter\View\View->CodeIgniter\View\{closure}()
 4 SYSTEMPATH\Common.php(1250): CodeIgniter\View\View->render('admin/products/insert_products', [], true)
 5 APPPATH\Controllers\Admin\Panel.php(15): view('admin/products/insert_products')
 6 SYSTEMPATH\CodeIgniter.php(951): App\Controllers\Admin\Panel->insertProducts()
 7 SYSTEMPATH\CodeIgniter.php(497): CodeIgniter\CodeIgniter->runController(Object(App\Controllers\Admin\Panel))
 8 SYSTEMPATH\CodeIgniter.php(340): CodeIgniter\CodeIgniter->handleRequest(null, Object(Config\Cache), false)
 9 SYSTEMPATH\Boot.php(417): CodeIgniter\CodeIgniter->run()
10 SYSTEMPATH\Boot.php(68): CodeIgniter\Boot::runCodeIgniter(Object(CodeIgniter\CodeIgniter))
11 FCPATH\index.php(59): CodeIgniter\Boot::bootWeb(Object(Config\Paths))
12 SYSTEMPATH\rewrite.php(44): require_once('D:\\customize_gifts\\public\\index.php')
CRITICAL - 2026-04-25 08:46:01 --> ErrorException: Undefined variable $brands
[Method: GET, Route: products/insert_products]
in APPPATH\Views\admin\products\insert_products.php on line 4.
 1 APPPATH\Views\admin\products\insert_products.php(4): CodeIgniter\Debug\Exceptions->errorHandler(2, 'Undefined variable $brands', 'D:\\customize_gifts\\app\\Views\\admin\\products\\insert_products.php', 4)
 2 SYSTEMPATH\View\View.php(240): include('D:\\customize_gifts\\app\\Views\\admin\\products\\insert_products.php')
 3 SYSTEMPATH\View\View.php(243): CodeIgniter\View\View->CodeIgniter\View\{closure}()
 4 SYSTEMPATH\Common.php(1250): CodeIgniter\View\View->render('admin/products/insert_products', [], true)
 5 APPPATH\Controllers\Admin\Panel.php(15): view('admin/products/insert_products')
 6 SYSTEMPATH\CodeIgniter.php(951): App\Controllers\Admin\Panel->insertProducts()
 7 SYSTEMPATH\CodeIgniter.php(497): CodeIgniter\CodeIgniter->runController(Object(App\Controllers\Admin\Panel))
 8 SYSTEMPATH\CodeIgniter.php(340): CodeIgniter\CodeIgniter->handleRequest(null, Object(Config\Cache), false)
 9 SYSTEMPATH\Boot.php(417): CodeIgniter\CodeIgniter->run()
10 SYSTEMPATH\Boot.php(68): CodeIgniter\Boot::runCodeIgniter(Object(CodeIgniter\CodeIgniter))
11 FCPATH\index.php(59): CodeIgniter\Boot::bootWeb(Object(Config\Paths))
12 SYSTEMPATH\rewrite.php(44): require_once('D:\\customize_gifts\\public\\index.php')
CRITICAL - 2026-04-25 08:46:03 --> ErrorException: Undefined variable $brands
[Method: GET, Route: products/insert_products]
in APPPATH\Views\admin\products\insert_products.php on line 4.
 1 APPPATH\Views\admin\products\insert_products.php(4): CodeIgniter\Debug\Exceptions->errorHandler(2, 'Undefined variable $brands', 'D:\\customize_gifts\\app\\Views\\admin\\products\\insert_products.php', 4)
 2 SYSTEMPATH\View\View.php(240): include('D:\\customize_gifts\\app\\Views\\admin\\products\\insert_products.php')
 3 SYSTEMPATH\View\View.php(243): CodeIgniter\View\View->CodeIgniter\View\{closure}()
 4 SYSTEMPATH\Common.php(1250): CodeIgniter\View\View->render('admin/products/insert_products', [], true)
 5 APPPATH\Controllers\Admin\Panel.php(15): view('admin/products/insert_products')
 6 SYSTEMPATH\CodeIgniter.php(951): App\Controllers\Admin\Panel->insertProducts()
 7 SYSTEMPATH\CodeIgniter.php(497): CodeIgniter\CodeIgniter->runController(Object(App\Controllers\Admin\Panel))
 8 SYSTEMPATH\CodeIgniter.php(340): CodeIgniter\CodeIgniter->handleRequest(null, Object(Config\Cache), false)
 9 SYSTEMPATH\Boot.php(417): CodeIgniter\CodeIgniter->run()
10 SYSTEMPATH\Boot.php(68): CodeIgniter\Boot::runCodeIgniter(Object(CodeIgniter\CodeIgniter))
11 FCPATH\index.php(59): CodeIgniter\Boot::bootWeb(Object(Config\Paths))
12 SYSTEMPATH\rewrite.php(44): require_once('D:\\customize_gifts\\public\\index.php')
CRITICAL - 2026-04-25 11:41:11 --> ErrorException: Undefined variable $brands
[Method: GET, Route: products/insert_products]
in APPPATH\Views\admin\products\insert_products.php on line 4.
 1 APPPATH\Views\admin\products\insert_products.php(4): CodeIgniter\Debug\Exceptions->errorHandler(2, 'Undefined variable $brands', 'D:\\customize_gifts\\app\\Views\\admin\\products\\insert_products.php', 4)
 2 SYSTEMPATH\View\View.php(240): include('D:\\customize_gifts\\app\\Views\\admin\\products\\insert_products.php')
 3 SYSTEMPATH\View\View.php(243): CodeIgniter\View\View->CodeIgniter\View\{closure}()
 4 SYSTEMPATH\Common.php(1250): CodeIgniter\View\View->render('admin/products/insert_products', [], true)
 5 APPPATH\Controllers\Admin\Panel.php(15): view('admin/products/insert_products')
 6 SYSTEMPATH\CodeIgniter.php(951): App\Controllers\Admin\Panel->insertProducts()
 7 SYSTEMPATH\CodeIgniter.php(497): CodeIgniter\CodeIgniter->runController(Object(App\Controllers\Admin\Panel))
 8 SYSTEMPATH\CodeIgniter.php(340): CodeIgniter\CodeIgniter->handleRequest(null, Object(Config\Cache), false)
 9 SYSTEMPATH\Boot.php(417): CodeIgniter\CodeIgniter->run()
10 SYSTEMPATH\Boot.php(68): CodeIgniter\Boot::runCodeIgniter(Object(CodeIgniter\CodeIgniter))
11 FCPATH\index.php(59): CodeIgniter\Boot::bootWeb(Object(Config\Paths))
12 SYSTEMPATH\rewrite.php(44): require_once('D:\\customize_gifts\\public\\index.php')
CRITICAL - 2026-04-25 11:53:39 --> ErrorException: Undefined variable $brands
[Method: GET, Route: products/insert_products]
in APPPATH\Views\admin\products\insert_products.php on line 1.
 1 APPPATH\Views\admin\products\insert_products.php(1): CodeIgniter\Debug\Exceptions->errorHandler(2, 'Undefined variable $brands', 'D:\\customize_gifts\\app\\Views\\admin\\products\\insert_products.php', 1)
 2 SYSTEMPATH\View\View.php(240): include('D:\\customize_gifts\\app\\Views\\admin\\products\\insert_products.php')
 3 SYSTEMPATH\View\View.php(243): CodeIgniter\View\View->CodeIgniter\View\{closure}()
 4 SYSTEMPATH\Common.php(1250): CodeIgniter\View\View->render('admin/products/insert_products', [], true)
 5 APPPATH\Controllers\Admin\Panel.php(15): view('admin/products/insert_products')
 6 SYSTEMPATH\CodeIgniter.php(951): App\Controllers\Admin\Panel->insertProducts()
 7 SYSTEMPATH\CodeIgniter.php(497): CodeIgniter\CodeIgniter->runController(Object(App\Controllers\Admin\Panel))
 8 SYSTEMPATH\CodeIgniter.php(340): CodeIgniter\CodeIgniter->handleRequest(null, Object(Config\Cache), false)
 9 SYSTEMPATH\Boot.php(417): CodeIgniter\CodeIgniter->run()
10 SYSTEMPATH\Boot.php(68): CodeIgniter\Boot::runCodeIgniter(Object(CodeIgniter\CodeIgniter))
11 FCPATH\index.php(59): CodeIgniter\Boot::bootWeb(Object(Config\Paths))
12 SYSTEMPATH\rewrite.php(44): require_once('D:\\customize_gifts\\public\\index.php')
CRITICAL - 2026-04-25 11:54:04 --> ErrorException: Undefined variable $brands
[Method: GET, Route: products/insert_products]
in APPPATH\Views\admin\products\insert_products.php on line 1.
 1 APPPATH\Views\admin\products\insert_products.php(1): CodeIgniter\Debug\Exceptions->errorHandler(2, 'Undefined variable $brands', 'D:\\customize_gifts\\app\\Views\\admin\\products\\insert_products.php', 1)
 2 SYSTEMPATH\View\View.php(240): include('D:\\customize_gifts\\app\\Views\\admin\\products\\insert_products.php')
 3 SYSTEMPATH\View\View.php(243): CodeIgniter\View\View->CodeIgniter\View\{closure}()
 4 SYSTEMPATH\Common.php(1250): CodeIgniter\View\View->render('admin/products/insert_products', [], true)
 5 APPPATH\Controllers\Admin\Panel.php(15): view('admin/products/insert_products')
 6 SYSTEMPATH\CodeIgniter.php(951): App\Controllers\Admin\Panel->insertProducts()
 7 SYSTEMPATH\CodeIgniter.php(497): CodeIgniter\CodeIgniter->runController(Object(App\Controllers\Admin\Panel))
 8 SYSTEMPATH\CodeIgniter.php(340): CodeIgniter\CodeIgniter->handleRequest(null, Object(Config\Cache), false)
 9 SYSTEMPATH\Boot.php(417): CodeIgniter\CodeIgniter->run()
10 SYSTEMPATH\Boot.php(68): CodeIgniter\Boot::runCodeIgniter(Object(CodeIgniter\CodeIgniter))
11 FCPATH\index.php(59): CodeIgniter\Boot::bootWeb(Object(Config\Paths))
12 SYSTEMPATH\rewrite.php(44): require_once('D:\\customize_gifts\\public\\index.php')
CRITICAL - 2026-04-25 11:54:05 --> ErrorException: Undefined variable $brands
[Method: GET, Route: products/insert_products]
in APPPATH\Views\admin\products\insert_products.php on line 1.
 1 APPPATH\Views\admin\products\insert_products.php(1): CodeIgniter\Debug\Exceptions->errorHandler(2, 'Undefined variable $brands', 'D:\\customize_gifts\\app\\Views\\admin\\products\\insert_products.php', 1)
 2 SYSTEMPATH\View\View.php(240): include('D:\\customize_gifts\\app\\Views\\admin\\products\\insert_products.php')
 3 SYSTEMPATH\View\View.php(243): CodeIgniter\View\View->CodeIgniter\View\{closure}()
 4 SYSTEMPATH\Common.php(1250): CodeIgniter\View\View->render('admin/products/insert_products', [], true)
 5 APPPATH\Controllers\Admin\Panel.php(15): view('admin/products/insert_products')
 6 SYSTEMPATH\CodeIgniter.php(951): App\Controllers\Admin\Panel->insertProducts()
 7 SYSTEMPATH\CodeIgniter.php(497): CodeIgniter\CodeIgniter->runController(Object(App\Controllers\Admin\Panel))
 8 SYSTEMPATH\CodeIgniter.php(340): CodeIgniter\CodeIgniter->handleRequest(null, Object(Config\Cache), false)
 9 SYSTEMPATH\Boot.php(417): CodeIgniter\CodeIgniter->run()
10 SYSTEMPATH\Boot.php(68): CodeIgniter\Boot::runCodeIgniter(Object(CodeIgniter\CodeIgniter))
11 FCPATH\index.php(59): CodeIgniter\Boot::bootWeb(Object(Config\Paths))
12 SYSTEMPATH\rewrite.php(44): require_once('D:\\customize_gifts\\public\\index.php')
