ERROR - 2026-09-16 17:44:31 --> Column 'payment_method' cannot be null
in SYSTEMPATH\Database\MySQLi\Connection.php on line 300.
 1 SYSTEMPATH\Database\MySQLi\Connection.php(300): mysqli->query('INSERT INTO `orders` (`user_id`, `order_number`, `product_name`, `product_image`, `weight`, `quantity`, `subtotal`, `payment_method`, `order_status`, `created_at`) VALUES (\'5\', \'ORD20260916174431\', \'Rosted Cashew\', \'1781327305_2d9549c27acccb57e9b1.jpg\', \'500g\', \'1\', 658, NULL, \'Processing\', \'2026-09-16 17:44:31\')', 0)
 2 SYSTEMPATH\Database\BaseConnection.php(910): CodeIgniter\Database\MySQLi\Connection->execute('INSERT INTO `orders` (`user_id`, `order_number`, `product_name`, `product_image`, `weight`, `quantity`, `subtotal`, `payment_method`, `order_status`, `created_at`) VALUES (\'5\', \'ORD20260916174431\', \'Rosted Cashew\', \'1781327305_2d9549c27acccb57e9b1.jpg\', \'500g\', \'1\', 658, NULL, \'Processing\', \'2026-09-16 17:44:31\')')
 3 SYSTEMPATH\Database\BaseConnection.php(827): CodeIgniter\Database\BaseConnection->simpleQuery('INSERT INTO `orders` (`user_id`, `order_number`, `product_name`, `product_image`, `weight`, `quantity`, `subtotal`, `payment_method`, `order_status`, `created_at`) VALUES (\'5\', \'ORD20260916174431\', \'Rosted Cashew\', \'1781327305_2d9549c27acccb57e9b1.jpg\', \'500g\', \'1\', 658, NULL, \'Processing\', \'2026-09-16 17:44:31\')')
 4 SYSTEMPATH\Database\BaseBuilder.php(2345): CodeIgniter\Database\BaseConnection->query('INSERT INTO `orders` (`user_id`, `order_number`, `product_name`, `product_image`, `weight`, `quantity`, `subtotal`, `payment_method`, `order_status`, `created_at`) VALUES (:user_id:, :order_number:, :product_name:, :product_image:, :weight:, :quantity:, :subtotal:, :payment_method:, :order_status:, :created_at:)', [...], false)
 5 SYSTEMPATH\Model.php(355): CodeIgniter\Database\BaseBuilder->insert()
 6 SYSTEMPATH\BaseModel.php(899): CodeIgniter\Model->doInsert([...])
 7 SYSTEMPATH\Model.php(668): CodeIgniter\BaseModel->insert([...], true)
 8 APPPATH\Controllers\PaymentController.php(79): CodeIgniter\Model->insert([...])
 9 APPPATH\Controllers\PaymentController.php(50): App\Controllers\PaymentController->payNow(null)
10 SYSTEMPATH\CodeIgniter.php(951): App\Controllers\PaymentController->paymentProcess()
11 SYSTEMPATH\CodeIgniter.php(497): CodeIgniter\CodeIgniter->runController(Object(App\Controllers\PaymentController))
12 SYSTEMPATH\CodeIgniter.php(340): CodeIgniter\CodeIgniter->handleRequest(null, Object(Config\Cache), false)
13 SYSTEMPATH\Boot.php(417): CodeIgniter\CodeIgniter->run()
14 SYSTEMPATH\Boot.php(68): CodeIgniter\Boot::runCodeIgniter(Object(CodeIgniter\CodeIgniter))
15 FCPATH\index.php(59): CodeIgniter\Boot::bootWeb(Object(Config\Paths))
16 SYSTEMPATH\rewrite.php(44): require_once('D:\\customize_gifts\\public\\index.php')
CRITICAL - 2026-09-16 17:44:31 --> CodeIgniter\Database\Exceptions\DatabaseException: Column 'payment_method' cannot be null
[Method: POST, Route: payment_process]
in SYSTEMPATH\Database\BaseConnection.php on line 865.
 1 SYSTEMPATH\Database\BaseBuilder.php(2345): CodeIgniter\Database\BaseConnection->query('INSERT INTO `orders` (`user_id`, `order_number`, `product_name`, `product_image`, `weight`, `quantity`, `subtotal`, `payment_method`, `order_status`, `created_at`) VALUES (:user_id:, :order_number:, :product_name:, :product_image:, :weight:, :quantity:, :subtotal:, :payment_method:, :order_status:, :created_at:)', [...], false)
 2 SYSTEMPATH\Model.php(355): CodeIgniter\Database\BaseBuilder->insert()
 3 SYSTEMPATH\BaseModel.php(899): CodeIgniter\Model->doInsert([...])
 4 SYSTEMPATH\Model.php(668): CodeIgniter\BaseModel->insert([...], true)
 5 APPPATH\Controllers\PaymentController.php(79): CodeIgniter\Model->insert([...])
 6 APPPATH\Controllers\PaymentController.php(50): App\Controllers\PaymentController->payNow(null)
 7 SYSTEMPATH\CodeIgniter.php(951): App\Controllers\PaymentController->paymentProcess()
 8 SYSTEMPATH\CodeIgniter.php(497): CodeIgniter\CodeIgniter->runController(Object(App\Controllers\PaymentController))
 9 SYSTEMPATH\CodeIgniter.php(340): CodeIgniter\CodeIgniter->handleRequest(null, Object(Config\Cache), false)
10 SYSTEMPATH\Boot.php(417): CodeIgniter\CodeIgniter->run()
11 SYSTEMPATH\Boot.php(68): CodeIgniter\Boot::runCodeIgniter(Object(CodeIgniter\CodeIgniter))
12 FCPATH\index.php(59): CodeIgniter\Boot::bootWeb(Object(Config\Paths))
13 SYSTEMPATH\rewrite.php(44): require_once('D:\\customize_gifts\\public\\index.php')
CRITICAL - 2026-09-16 17:44:31 --> [Caused by] CodeIgniter\Database\Exceptions\DatabaseException: Column 'payment_method' cannot be null
in SYSTEMPATH\Database\MySQLi\Connection.php on line 310.
 1 SYSTEMPATH\Database\BaseConnection.php(910): CodeIgniter\Database\MySQLi\Connection->execute('INSERT INTO `orders` (`user_id`, `order_number`, `product_name`, `product_image`, `weight`, `quantity`, `subtotal`, `payment_method`, `order_status`, `created_at`) VALUES (\'5\', \'ORD20260916174431\', \'Rosted Cashew\', \'1781327305_2d9549c27acccb57e9b1.jpg\', \'500g\', \'1\', 658, NULL, \'Processing\', \'2026-09-16 17:44:31\')')
 2 SYSTEMPATH\Database\BaseConnection.php(827): CodeIgniter\Database\BaseConnection->simpleQuery('INSERT INTO `orders` (`user_id`, `order_number`, `product_name`, `product_image`, `weight`, `quantity`, `subtotal`, `payment_method`, `order_status`, `created_at`) VALUES (\'5\', \'ORD20260916174431\', \'Rosted Cashew\', \'1781327305_2d9549c27acccb57e9b1.jpg\', \'500g\', \'1\', 658, NULL, \'Processing\', \'2026-09-16 17:44:31\')')
 3 SYSTEMPATH\Database\BaseBuilder.php(2345): CodeIgniter\Database\BaseConnection->query('INSERT INTO `orders` (`user_id`, `order_number`, `product_name`, `product_image`, `weight`, `quantity`, `subtotal`, `payment_method`, `order_status`, `created_at`) VALUES (:user_id:, :order_number:, :product_name:, :product_image:, :weight:, :quantity:, :subtotal:, :payment_method:, :order_status:, :created_at:)', [...], false)
 4 SYSTEMPATH\Model.php(355): CodeIgniter\Database\BaseBuilder->insert()
 5 SYSTEMPATH\BaseModel.php(899): CodeIgniter\Model->doInsert([...])
 6 SYSTEMPATH\Model.php(668): CodeIgniter\BaseModel->insert([...], true)
 7 APPPATH\Controllers\PaymentController.php(79): CodeIgniter\Model->insert([...])
 8 APPPATH\Controllers\PaymentController.php(50): App\Controllers\PaymentController->payNow(null)
 9 SYSTEMPATH\CodeIgniter.php(951): App\Controllers\PaymentController->paymentProcess()
10 SYSTEMPATH\CodeIgniter.php(497): CodeIgniter\CodeIgniter->runController(Object(App\Controllers\PaymentController))
11 SYSTEMPATH\CodeIgniter.php(340): CodeIgniter\CodeIgniter->handleRequest(null, Object(Config\Cache), false)
12 SYSTEMPATH\Boot.php(417): CodeIgniter\CodeIgniter->run()
13 SYSTEMPATH\Boot.php(68): CodeIgniter\Boot::runCodeIgniter(Object(CodeIgniter\CodeIgniter))
14 FCPATH\index.php(59): CodeIgniter\Boot::bootWeb(Object(Config\Paths))
15 SYSTEMPATH\rewrite.php(44): require_once('D:\\customize_gifts\\public\\index.php')
CRITICAL - 2026-09-16 17:44:31 --> [Caused by] mysqli_sql_exception: Column 'payment_method' cannot be null
in SYSTEMPATH\Database\MySQLi\Connection.php on line 300.
 1 SYSTEMPATH\Database\MySQLi\Connection.php(300): mysqli->query('INSERT INTO `orders` (`user_id`, `order_number`, `product_name`, `product_image`, `weight`, `quantity`, `subtotal`, `payment_method`, `order_status`, `created_at`) VALUES (\'5\', \'ORD20260916174431\', \'Rosted Cashew\', \'1781327305_2d9549c27acccb57e9b1.jpg\', \'500g\', \'1\', 658, NULL, \'Processing\', \'2026-09-16 17:44:31\')', 0)
 2 SYSTEMPATH\Database\BaseConnection.php(910): CodeIgniter\Database\MySQLi\Connection->execute('INSERT INTO `orders` (`user_id`, `order_number`, `product_name`, `product_image`, `weight`, `quantity`, `subtotal`, `payment_method`, `order_status`, `created_at`) VALUES (\'5\', \'ORD20260916174431\', \'Rosted Cashew\', \'1781327305_2d9549c27acccb57e9b1.jpg\', \'500g\', \'1\', 658, NULL, \'Processing\', \'2026-09-16 17:44:31\')')
 3 SYSTEMPATH\Database\BaseConnection.php(827): CodeIgniter\Database\BaseConnection->simpleQuery('INSERT INTO `orders` (`user_id`, `order_number`, `product_name`, `product_image`, `weight`, `quantity`, `subtotal`, `payment_method`, `order_status`, `created_at`) VALUES (\'5\', \'ORD20260916174431\', \'Rosted Cashew\', \'1781327305_2d9549c27acccb57e9b1.jpg\', \'500g\', \'1\', 658, NULL, \'Processing\', \'2026-09-16 17:44:31\')')
 4 SYSTEMPATH\Database\BaseBuilder.php(2345): CodeIgniter\Database\BaseConnection->query('INSERT INTO `orders` (`user_id`, `order_number`, `product_name`, `product_image`, `weight`, `quantity`, `subtotal`, `payment_method`, `order_status`, `created_at`) VALUES (:user_id:, :order_number:, :product_name:, :product_image:, :weight:, :quantity:, :subtotal:, :payment_method:, :order_status:, :created_at:)', [...], false)
 5 SYSTEMPATH\Model.php(355): CodeIgniter\Database\BaseBuilder->insert()
 6 SYSTEMPATH\BaseModel.php(899): CodeIgniter\Model->doInsert([...])
 7 SYSTEMPATH\Model.php(668): CodeIgniter\BaseModel->insert([...], true)
 8 APPPATH\Controllers\PaymentController.php(79): CodeIgniter\Model->insert([...])
 9 APPPATH\Controllers\PaymentController.php(50): App\Controllers\PaymentController->payNow(null)
10 SYSTEMPATH\CodeIgniter.php(951): App\Controllers\PaymentController->paymentProcess()
11 SYSTEMPATH\CodeIgniter.php(497): CodeIgniter\CodeIgniter->runController(Object(App\Controllers\PaymentController))
12 SYSTEMPATH\CodeIgniter.php(340): CodeIgniter\CodeIgniter->handleRequest(null, Object(Config\Cache), false)
13 SYSTEMPATH\Boot.php(417): CodeIgniter\CodeIgniter->run()
14 SYSTEMPATH\Boot.php(68): CodeIgniter\Boot::runCodeIgniter(Object(CodeIgniter\CodeIgniter))
15 FCPATH\index.php(59): CodeIgniter\Boot::bootWeb(Object(Config\Paths))
16 SYSTEMPATH\rewrite.php(44): require_once('D:\\customize_gifts\\public\\index.php')
