CRITICAL - 2026-04-26 07:04:44 --> ErrorException: Undefined variable $brands
[Method: GET, Route: products/insert_products]
in APPPATH\Views\admin\products\insert_products.php on line 2.
 1 APPPATH\Views\admin\products\insert_products.php(2): CodeIgniter\Debug\Exceptions->errorHandler(2, 'Undefined variable $brands', 'D:\\customize_gifts\\app\\Views\\admin\\products\\insert_products.php', 2)
 2 SYSTEMPATH\View\View.php(240): include('D:\\customize_gifts\\app\\Views\\admin\\products\\insert_products.php')
 3 SYSTEMPATH\View\View.php(243): CodeIgniter\View\View->CodeIgniter\View\{closure}()
 4 SYSTEMPATH\Common.php(1250): CodeIgniter\View\View->render('admin/products/insert_products', [], true)
 5 APPPATH\Controllers\Admin\Panel.php(15): view('admin/products/insert_products')
 6 SYSTEMPATH\CodeIgniter.php(951): App\Controllers\Admin\Panel->insertProducts()
 7 SYSTEMPATH\CodeIgniter.php(497): CodeIgniter\CodeIgniter->runController(Object(App\Controllers\Admin\Panel))
 8 SYSTEMPATH\CodeIgniter.php(340): CodeIgniter\CodeIgniter->handleRequest(null, Object(Config\Cache), false)
 9 SYSTEMPATH\Boot.php(417): CodeIgniter\CodeIgniter->run()
10 SYSTEMPATH\Boot.php(68): CodeIgniter\Boot::runCodeIgniter(Object(CodeIgniter\CodeIgniter))
11 FCPATH\index.php(59): CodeIgniter\Boot::bootWeb(Object(Config\Paths))
12 SYSTEMPATH\rewrite.php(44): require_once('D:\\customize_gifts\\public\\index.php')
CRITICAL - 2026-04-26 07:11:33 --> ErrorException: Undefined variable $brand_title
[Method: GET, Route: products/insert_products]
in APPPATH\Views\admin\products\insert_products.php on line 3.
 1 APPPATH\Views\admin\products\insert_products.php(3): CodeIgniter\Debug\Exceptions->errorHandler(2, 'Undefined variable $brand_title', 'D:\\customize_gifts\\app\\Views\\admin\\products\\insert_products.php', 3)
 2 SYSTEMPATH\View\View.php(240): include('D:\\customize_gifts\\app\\Views\\admin\\products\\insert_products.php')
 3 SYSTEMPATH\View\View.php(243): CodeIgniter\View\View->CodeIgniter\View\{closure}()
 4 SYSTEMPATH\Common.php(1250): CodeIgniter\View\View->render('admin/products/insert_products', [], true)
 5 APPPATH\Controllers\Admin\Panel.php(15): view('admin/products/insert_products')
 6 SYSTEMPATH\CodeIgniter.php(951): App\Controllers\Admin\Panel->insertProducts()
 7 SYSTEMPATH\CodeIgniter.php(497): CodeIgniter\CodeIgniter->runController(Object(App\Controllers\Admin\Panel))
 8 SYSTEMPATH\CodeIgniter.php(340): CodeIgniter\CodeIgniter->handleRequest(null, Object(Config\Cache), false)
 9 SYSTEMPATH\Boot.php(417): CodeIgniter\CodeIgniter->run()
10 SYSTEMPATH\Boot.php(68): CodeIgniter\Boot::runCodeIgniter(Object(CodeIgniter\CodeIgniter))
11 FCPATH\index.php(59): CodeIgniter\Boot::bootWeb(Object(Config\Paths))
12 SYSTEMPATH\rewrite.php(44): require_once('D:\\customize_gifts\\public\\index.php')
CRITICAL - 2026-04-26 07:11:58 --> ErrorException: Undefined variable $brand_title
[Method: GET, Route: products/insert_products]
in APPPATH\Views\admin\products\insert_products.php on line 3.
 1 APPPATH\Views\admin\products\insert_products.php(3): CodeIgniter\Debug\Exceptions->errorHandler(2, 'Undefined variable $brand_title', 'D:\\customize_gifts\\app\\Views\\admin\\products\\insert_products.php', 3)
 2 SYSTEMPATH\View\View.php(240): include('D:\\customize_gifts\\app\\Views\\admin\\products\\insert_products.php')
 3 SYSTEMPATH\View\View.php(243): CodeIgniter\View\View->CodeIgniter\View\{closure}()
 4 SYSTEMPATH\Common.php(1250): CodeIgniter\View\View->render('admin/products/insert_products', [], true)
 5 APPPATH\Controllers\Admin\Panel.php(15): view('admin/products/insert_products')
 6 SYSTEMPATH\CodeIgniter.php(951): App\Controllers\Admin\Panel->insertProducts()
 7 SYSTEMPATH\CodeIgniter.php(497): CodeIgniter\CodeIgniter->runController(Object(App\Controllers\Admin\Panel))
 8 SYSTEMPATH\CodeIgniter.php(340): CodeIgniter\CodeIgniter->handleRequest(null, Object(Config\Cache), false)
 9 SYSTEMPATH\Boot.php(417): CodeIgniter\CodeIgniter->run()
10 SYSTEMPATH\Boot.php(68): CodeIgniter\Boot::runCodeIgniter(Object(CodeIgniter\CodeIgniter))
11 FCPATH\index.php(59): CodeIgniter\Boot::bootWeb(Object(Config\Paths))
12 SYSTEMPATH\rewrite.php(44): require_once('D:\\customize_gifts\\public\\index.php')
CRITICAL - 2026-04-26 07:12:13 --> ErrorException: Undefined variable $brand_title
[Method: GET, Route: products/insert_products]
in APPPATH\Views\admin\products\insert_products.php on line 3.
 1 APPPATH\Views\admin\products\insert_products.php(3): CodeIgniter\Debug\Exceptions->errorHandler(2, 'Undefined variable $brand_title', 'D:\\customize_gifts\\app\\Views\\admin\\products\\insert_products.php', 3)
 2 SYSTEMPATH\View\View.php(240): include('D:\\customize_gifts\\app\\Views\\admin\\products\\insert_products.php')
 3 SYSTEMPATH\View\View.php(243): CodeIgniter\View\View->CodeIgniter\View\{closure}()
 4 SYSTEMPATH\Common.php(1250): CodeIgniter\View\View->render('admin/products/insert_products', [], true)
 5 APPPATH\Controllers\Admin\Panel.php(15): view('admin/products/insert_products')
 6 SYSTEMPATH\CodeIgniter.php(951): App\Controllers\Admin\Panel->insertProducts()
 7 SYSTEMPATH\CodeIgniter.php(497): CodeIgniter\CodeIgniter->runController(Object(App\Controllers\Admin\Panel))
 8 SYSTEMPATH\CodeIgniter.php(340): CodeIgniter\CodeIgniter->handleRequest(null, Object(Config\Cache), false)
 9 SYSTEMPATH\Boot.php(417): CodeIgniter\CodeIgniter->run()
10 SYSTEMPATH\Boot.php(68): CodeIgniter\Boot::runCodeIgniter(Object(CodeIgniter\CodeIgniter))
11 FCPATH\index.php(59): CodeIgniter\Boot::bootWeb(Object(Config\Paths))
12 SYSTEMPATH\rewrite.php(44): require_once('D:\\customize_gifts\\public\\index.php')
CRITICAL - 2026-04-26 07:12:15 --> ErrorException: Undefined variable $brand_title
[Method: GET, Route: products/insert_products]
in APPPATH\Views\admin\products\insert_products.php on line 3.
 1 APPPATH\Views\admin\products\insert_products.php(3): CodeIgniter\Debug\Exceptions->errorHandler(2, 'Undefined variable $brand_title', 'D:\\customize_gifts\\app\\Views\\admin\\products\\insert_products.php', 3)
 2 SYSTEMPATH\View\View.php(240): include('D:\\customize_gifts\\app\\Views\\admin\\products\\insert_products.php')
 3 SYSTEMPATH\View\View.php(243): CodeIgniter\View\View->CodeIgniter\View\{closure}()
 4 SYSTEMPATH\Common.php(1250): CodeIgniter\View\View->render('admin/products/insert_products', [], true)
 5 APPPATH\Controllers\Admin\Panel.php(15): view('admin/products/insert_products')
 6 SYSTEMPATH\CodeIgniter.php(951): App\Controllers\Admin\Panel->insertProducts()
 7 SYSTEMPATH\CodeIgniter.php(497): CodeIgniter\CodeIgniter->runController(Object(App\Controllers\Admin\Panel))
 8 SYSTEMPATH\CodeIgniter.php(340): CodeIgniter\CodeIgniter->handleRequest(null, Object(Config\Cache), false)
 9 SYSTEMPATH\Boot.php(417): CodeIgniter\CodeIgniter->run()
10 SYSTEMPATH\Boot.php(68): CodeIgniter\Boot::runCodeIgniter(Object(CodeIgniter\CodeIgniter))
11 FCPATH\index.php(59): CodeIgniter\Boot::bootWeb(Object(Config\Paths))
12 SYSTEMPATH\rewrite.php(44): require_once('D:\\customize_gifts\\public\\index.php')
CRITICAL - 2026-04-26 07:14:19 --> ErrorException: Undefined variable $brand_title
[Method: GET, Route: products/insert_products]
in APPPATH\Views\admin\products\insert_products.php on line 3.
 1 APPPATH\Views\admin\products\insert_products.php(3): CodeIgniter\Debug\Exceptions->errorHandler(2, 'Undefined variable $brand_title', 'D:\\customize_gifts\\app\\Views\\admin\\products\\insert_products.php', 3)
 2 SYSTEMPATH\View\View.php(240): include('D:\\customize_gifts\\app\\Views\\admin\\products\\insert_products.php')
 3 SYSTEMPATH\View\View.php(243): CodeIgniter\View\View->CodeIgniter\View\{closure}()
 4 SYSTEMPATH\Common.php(1250): CodeIgniter\View\View->render('admin/products/insert_products', [], true)
 5 APPPATH\Controllers\Admin\Panel.php(15): view('admin/products/insert_products')
 6 SYSTEMPATH\CodeIgniter.php(951): App\Controllers\Admin\Panel->insertProducts()
 7 SYSTEMPATH\CodeIgniter.php(497): CodeIgniter\CodeIgniter->runController(Object(App\Controllers\Admin\Panel))
 8 SYSTEMPATH\CodeIgniter.php(340): CodeIgniter\CodeIgniter->handleRequest(null, Object(Config\Cache), false)
 9 SYSTEMPATH\Boot.php(417): CodeIgniter\CodeIgniter->run()
10 SYSTEMPATH\Boot.php(68): CodeIgniter\Boot::runCodeIgniter(Object(CodeIgniter\CodeIgniter))
11 FCPATH\index.php(59): CodeIgniter\Boot::bootWeb(Object(Config\Paths))
12 SYSTEMPATH\rewrite.php(44): require_once('D:\\customize_gifts\\public\\index.php')
CRITICAL - 2026-04-26 07:14:21 --> ErrorException: Undefined variable $brand_title
[Method: GET, Route: products/insert_products]
in APPPATH\Views\admin\products\insert_products.php on line 3.
 1 APPPATH\Views\admin\products\insert_products.php(3): CodeIgniter\Debug\Exceptions->errorHandler(2, 'Undefined variable $brand_title', 'D:\\customize_gifts\\app\\Views\\admin\\products\\insert_products.php', 3)
 2 SYSTEMPATH\View\View.php(240): include('D:\\customize_gifts\\app\\Views\\admin\\products\\insert_products.php')
 3 SYSTEMPATH\View\View.php(243): CodeIgniter\View\View->CodeIgniter\View\{closure}()
 4 SYSTEMPATH\Common.php(1250): CodeIgniter\View\View->render('admin/products/insert_products', [], true)
 5 APPPATH\Controllers\Admin\Panel.php(15): view('admin/products/insert_products')
 6 SYSTEMPATH\CodeIgniter.php(951): App\Controllers\Admin\Panel->insertProducts()
 7 SYSTEMPATH\CodeIgniter.php(497): CodeIgniter\CodeIgniter->runController(Object(App\Controllers\Admin\Panel))
 8 SYSTEMPATH\CodeIgniter.php(340): CodeIgniter\CodeIgniter->handleRequest(null, Object(Config\Cache), false)
 9 SYSTEMPATH\Boot.php(417): CodeIgniter\CodeIgniter->run()
10 SYSTEMPATH\Boot.php(68): CodeIgniter\Boot::runCodeIgniter(Object(CodeIgniter\CodeIgniter))
11 FCPATH\index.php(59): CodeIgniter\Boot::bootWeb(Object(Config\Paths))
12 SYSTEMPATH\rewrite.php(44): require_once('D:\\customize_gifts\\public\\index.php')
CRITICAL - 2026-04-26 07:17:18 --> ErrorException: Undefined variable $brands
[Method: GET, Route: products/insert_products]
in APPPATH\Views\admin\products\insert_products.php on line 2.
 1 APPPATH\Views\admin\products\insert_products.php(2): CodeIgniter\Debug\Exceptions->errorHandler(2, 'Undefined variable $brands', 'D:\\customize_gifts\\app\\Views\\admin\\products\\insert_products.php', 2)
 2 SYSTEMPATH\View\View.php(240): include('D:\\customize_gifts\\app\\Views\\admin\\products\\insert_products.php')
 3 SYSTEMPATH\View\View.php(243): CodeIgniter\View\View->CodeIgniter\View\{closure}()
 4 SYSTEMPATH\Common.php(1250): CodeIgniter\View\View->render('admin/products/insert_products', [], true)
 5 APPPATH\Controllers\Admin\Panel.php(15): view('admin/products/insert_products')
 6 SYSTEMPATH\CodeIgniter.php(951): App\Controllers\Admin\Panel->insertProducts()
 7 SYSTEMPATH\CodeIgniter.php(497): CodeIgniter\CodeIgniter->runController(Object(App\Controllers\Admin\Panel))
 8 SYSTEMPATH\CodeIgniter.php(340): CodeIgniter\CodeIgniter->handleRequest(null, Object(Config\Cache), false)
 9 SYSTEMPATH\Boot.php(417): CodeIgniter\CodeIgniter->run()
10 SYSTEMPATH\Boot.php(68): CodeIgniter\Boot::runCodeIgniter(Object(CodeIgniter\CodeIgniter))
11 FCPATH\index.php(59): CodeIgniter\Boot::bootWeb(Object(Config\Paths))
12 SYSTEMPATH\rewrite.php(44): require_once('D:\\customize_gifts\\public\\index.php')
CRITICAL - 2026-04-26 07:17:50 --> ErrorException: Undefined variable $brands
[Method: GET, Route: products/insert_products]
in APPPATH\Views\admin\products\insert_products.php on line 2.
 1 APPPATH\Views\admin\products\insert_products.php(2): CodeIgniter\Debug\Exceptions->errorHandler(2, 'Undefined variable $brands', 'D:\\customize_gifts\\app\\Views\\admin\\products\\insert_products.php', 2)
 2 SYSTEMPATH\View\View.php(240): include('D:\\customize_gifts\\app\\Views\\admin\\products\\insert_products.php')
 3 SYSTEMPATH\View\View.php(243): CodeIgniter\View\View->CodeIgniter\View\{closure}()
 4 SYSTEMPATH\Common.php(1250): CodeIgniter\View\View->render('admin/products/insert_products', [], true)
 5 APPPATH\Controllers\Admin\Panel.php(15): view('admin/products/insert_products')
 6 SYSTEMPATH\CodeIgniter.php(951): App\Controllers\Admin\Panel->insertProducts()
 7 SYSTEMPATH\CodeIgniter.php(497): CodeIgniter\CodeIgniter->runController(Object(App\Controllers\Admin\Panel))
 8 SYSTEMPATH\CodeIgniter.php(340): CodeIgniter\CodeIgniter->handleRequest(null, Object(Config\Cache), false)
 9 SYSTEMPATH\Boot.php(417): CodeIgniter\CodeIgniter->run()
10 SYSTEMPATH\Boot.php(68): CodeIgniter\Boot::runCodeIgniter(Object(CodeIgniter\CodeIgniter))
11 FCPATH\index.php(59): CodeIgniter\Boot::bootWeb(Object(Config\Paths))
12 SYSTEMPATH\rewrite.php(44): require_once('D:\\customize_gifts\\public\\index.php')
CRITICAL - 2026-04-26 07:17:52 --> ErrorException: Undefined variable $brands
[Method: GET, Route: products/insert_products]
in APPPATH\Views\admin\products\insert_products.php on line 2.
 1 APPPATH\Views\admin\products\insert_products.php(2): CodeIgniter\Debug\Exceptions->errorHandler(2, 'Undefined variable $brands', 'D:\\customize_gifts\\app\\Views\\admin\\products\\insert_products.php', 2)
 2 SYSTEMPATH\View\View.php(240): include('D:\\customize_gifts\\app\\Views\\admin\\products\\insert_products.php')
 3 SYSTEMPATH\View\View.php(243): CodeIgniter\View\View->CodeIgniter\View\{closure}()
 4 SYSTEMPATH\Common.php(1250): CodeIgniter\View\View->render('admin/products/insert_products', [], true)
 5 APPPATH\Controllers\Admin\Panel.php(15): view('admin/products/insert_products')
 6 SYSTEMPATH\CodeIgniter.php(951): App\Controllers\Admin\Panel->insertProducts()
 7 SYSTEMPATH\CodeIgniter.php(497): CodeIgniter\CodeIgniter->runController(Object(App\Controllers\Admin\Panel))
 8 SYSTEMPATH\CodeIgniter.php(340): CodeIgniter\CodeIgniter->handleRequest(null, Object(Config\Cache), false)
 9 SYSTEMPATH\Boot.php(417): CodeIgniter\CodeIgniter->run()
10 SYSTEMPATH\Boot.php(68): CodeIgniter\Boot::runCodeIgniter(Object(CodeIgniter\CodeIgniter))
11 FCPATH\index.php(59): CodeIgniter\Boot::bootWeb(Object(Config\Paths))
12 SYSTEMPATH\rewrite.php(44): require_once('D:\\customize_gifts\\public\\index.php')
CRITICAL - 2026-04-26 07:18:25 --> ErrorException: Undefined variable $brands
[Method: GET, Route: products/insert_products]
in APPPATH\Views\admin\products\insert_products.php on line 2.
 1 APPPATH\Views\admin\products\insert_products.php(2): CodeIgniter\Debug\Exceptions->errorHandler(2, 'Undefined variable $brands', 'D:\\customize_gifts\\app\\Views\\admin\\products\\insert_products.php', 2)
 2 SYSTEMPATH\View\View.php(240): include('D:\\customize_gifts\\app\\Views\\admin\\products\\insert_products.php')
 3 SYSTEMPATH\View\View.php(243): CodeIgniter\View\View->CodeIgniter\View\{closure}()
 4 SYSTEMPATH\Common.php(1250): CodeIgniter\View\View->render('admin/products/insert_products', [], true)
 5 APPPATH\Controllers\Admin\Panel.php(15): view('admin/products/insert_products')
 6 SYSTEMPATH\CodeIgniter.php(951): App\Controllers\Admin\Panel->insertProducts()
 7 SYSTEMPATH\CodeIgniter.php(497): CodeIgniter\CodeIgniter->runController(Object(App\Controllers\Admin\Panel))
 8 SYSTEMPATH\CodeIgniter.php(340): CodeIgniter\CodeIgniter->handleRequest(null, Object(Config\Cache), false)
 9 SYSTEMPATH\Boot.php(417): CodeIgniter\CodeIgniter->run()
10 SYSTEMPATH\Boot.php(68): CodeIgniter\Boot::runCodeIgniter(Object(CodeIgniter\CodeIgniter))
11 FCPATH\index.php(59): CodeIgniter\Boot::bootWeb(Object(Config\Paths))
12 SYSTEMPATH\rewrite.php(44): require_once('D:\\customize_gifts\\public\\index.php')
CRITICAL - 2026-04-26 07:19:29 --> ErrorException: Undefined variable $brands
[Method: GET, Route: products/insert_products]
in APPPATH\Views\admin\products\insert_products.php on line 2.
 1 APPPATH\Views\admin\products\insert_products.php(2): CodeIgniter\Debug\Exceptions->errorHandler(2, 'Undefined variable $brands', 'D:\\customize_gifts\\app\\Views\\admin\\products\\insert_products.php', 2)
 2 SYSTEMPATH\View\View.php(240): include('D:\\customize_gifts\\app\\Views\\admin\\products\\insert_products.php')
 3 SYSTEMPATH\View\View.php(243): CodeIgniter\View\View->CodeIgniter\View\{closure}()
 4 SYSTEMPATH\Common.php(1250): CodeIgniter\View\View->render('admin/products/insert_products', [], true)
 5 APPPATH\Controllers\Admin\Panel.php(15): view('admin/products/insert_products')
 6 SYSTEMPATH\CodeIgniter.php(951): App\Controllers\Admin\Panel->insertProducts()
 7 SYSTEMPATH\CodeIgniter.php(497): CodeIgniter\CodeIgniter->runController(Object(App\Controllers\Admin\Panel))
 8 SYSTEMPATH\CodeIgniter.php(340): CodeIgniter\CodeIgniter->handleRequest(null, Object(Config\Cache), false)
 9 SYSTEMPATH\Boot.php(417): CodeIgniter\CodeIgniter->run()
10 SYSTEMPATH\Boot.php(68): CodeIgniter\Boot::runCodeIgniter(Object(CodeIgniter\CodeIgniter))
11 FCPATH\index.php(59): CodeIgniter\Boot::bootWeb(Object(Config\Paths))
12 SYSTEMPATH\rewrite.php(44): require_once('D:\\customize_gifts\\public\\index.php')
CRITICAL - 2026-04-26 07:19:31 --> ErrorException: Undefined variable $brands
[Method: GET, Route: products/insert_products]
in APPPATH\Views\admin\products\insert_products.php on line 2.
 1 APPPATH\Views\admin\products\insert_products.php(2): CodeIgniter\Debug\Exceptions->errorHandler(2, 'Undefined variable $brands', 'D:\\customize_gifts\\app\\Views\\admin\\products\\insert_products.php', 2)
 2 SYSTEMPATH\View\View.php(240): include('D:\\customize_gifts\\app\\Views\\admin\\products\\insert_products.php')
 3 SYSTEMPATH\View\View.php(243): CodeIgniter\View\View->CodeIgniter\View\{closure}()
 4 SYSTEMPATH\Common.php(1250): CodeIgniter\View\View->render('admin/products/insert_products', [], true)
 5 APPPATH\Controllers\Admin\Panel.php(15): view('admin/products/insert_products')
 6 SYSTEMPATH\CodeIgniter.php(951): App\Controllers\Admin\Panel->insertProducts()
 7 SYSTEMPATH\CodeIgniter.php(497): CodeIgniter\CodeIgniter->runController(Object(App\Controllers\Admin\Panel))
 8 SYSTEMPATH\CodeIgniter.php(340): CodeIgniter\CodeIgniter->handleRequest(null, Object(Config\Cache), false)
 9 SYSTEMPATH\Boot.php(417): CodeIgniter\CodeIgniter->run()
10 SYSTEMPATH\Boot.php(68): CodeIgniter\Boot::runCodeIgniter(Object(CodeIgniter\CodeIgniter))
11 FCPATH\index.php(59): CodeIgniter\Boot::bootWeb(Object(Config\Paths))
12 SYSTEMPATH\rewrite.php(44): require_once('D:\\customize_gifts\\public\\index.php')
CRITICAL - 2026-04-26 07:20:05 --> ErrorException: Undefined variable $brands
[Method: GET, Route: products/insert_products]
in APPPATH\Views\admin\products\insert_products.php on line 2.
 1 APPPATH\Views\admin\products\insert_products.php(2): CodeIgniter\Debug\Exceptions->errorHandler(2, 'Undefined variable $brands', 'D:\\customize_gifts\\app\\Views\\admin\\products\\insert_products.php', 2)
 2 SYSTEMPATH\View\View.php(240): include('D:\\customize_gifts\\app\\Views\\admin\\products\\insert_products.php')
 3 SYSTEMPATH\View\View.php(243): CodeIgniter\View\View->CodeIgniter\View\{closure}()
 4 SYSTEMPATH\Common.php(1250): CodeIgniter\View\View->render('admin/products/insert_products', [], true)
 5 APPPATH\Controllers\Admin\Panel.php(15): view('admin/products/insert_products')
 6 SYSTEMPATH\CodeIgniter.php(951): App\Controllers\Admin\Panel->insertProducts()
 7 SYSTEMPATH\CodeIgniter.php(497): CodeIgniter\CodeIgniter->runController(Object(App\Controllers\Admin\Panel))
 8 SYSTEMPATH\CodeIgniter.php(340): CodeIgniter\CodeIgniter->handleRequest(null, Object(Config\Cache), false)
 9 SYSTEMPATH\Boot.php(417): CodeIgniter\CodeIgniter->run()
10 SYSTEMPATH\Boot.php(68): CodeIgniter\Boot::runCodeIgniter(Object(CodeIgniter\CodeIgniter))
11 FCPATH\index.php(59): CodeIgniter\Boot::bootWeb(Object(Config\Paths))
12 SYSTEMPATH\rewrite.php(44): require_once('D:\\customize_gifts\\public\\index.php')
CRITICAL - 2026-04-26 07:20:07 --> ErrorException: Undefined variable $brands
[Method: GET, Route: products/insert_products]
in APPPATH\Views\admin\products\insert_products.php on line 2.
 1 APPPATH\Views\admin\products\insert_products.php(2): CodeIgniter\Debug\Exceptions->errorHandler(2, 'Undefined variable $brands', 'D:\\customize_gifts\\app\\Views\\admin\\products\\insert_products.php', 2)
 2 SYSTEMPATH\View\View.php(240): include('D:\\customize_gifts\\app\\Views\\admin\\products\\insert_products.php')
 3 SYSTEMPATH\View\View.php(243): CodeIgniter\View\View->CodeIgniter\View\{closure}()
 4 SYSTEMPATH\Common.php(1250): CodeIgniter\View\View->render('admin/products/insert_products', [], true)
 5 APPPATH\Controllers\Admin\Panel.php(15): view('admin/products/insert_products')
 6 SYSTEMPATH\CodeIgniter.php(951): App\Controllers\Admin\Panel->insertProducts()
 7 SYSTEMPATH\CodeIgniter.php(497): CodeIgniter\CodeIgniter->runController(Object(App\Controllers\Admin\Panel))
 8 SYSTEMPATH\CodeIgniter.php(340): CodeIgniter\CodeIgniter->handleRequest(null, Object(Config\Cache), false)
 9 SYSTEMPATH\Boot.php(417): CodeIgniter\CodeIgniter->run()
10 SYSTEMPATH\Boot.php(68): CodeIgniter\Boot::runCodeIgniter(Object(CodeIgniter\CodeIgniter))
11 FCPATH\index.php(59): CodeIgniter\Boot::bootWeb(Object(Config\Paths))
12 SYSTEMPATH\rewrite.php(44): require_once('D:\\customize_gifts\\public\\index.php')
CRITICAL - 2026-04-26 07:39:44 --> ParseError: syntax error, unexpected end of file
[Method: GET, Route: admin/dashboard]
in APPPATH\Config\Routes.php on line 42.
 1 SYSTEMPATH\CodeIgniter.php(818): CodeIgniter\Router\RouteCollection->loadRoutes()
 2 SYSTEMPATH\CodeIgniter.php(441): CodeIgniter\CodeIgniter->tryToRouteIt(null)
 3 SYSTEMPATH\CodeIgniter.php(340): CodeIgniter\CodeIgniter->handleRequest(null, Object(Config\Cache), false)
 4 SYSTEMPATH\Boot.php(417): CodeIgniter\CodeIgniter->run()
 5 SYSTEMPATH\Boot.php(68): CodeIgniter\Boot::runCodeIgniter(Object(CodeIgniter\CodeIgniter))
 6 FCPATH\index.php(59): CodeIgniter\Boot::bootWeb(Object(Config\Paths))
 7 SYSTEMPATH\rewrite.php(44): require_once('D:\\customize_gifts\\public\\index.php')
CRITICAL - 2026-04-26 08:09:31 --> CodeIgniter\View\Exceptions\ViewException: Invalid file: "admin/products/text_view.php"
[Method: GET, Route: products/test_view]
in SYSTEMPATH\Exceptions\FrameworkException.php on line 39.
 1 SYSTEMPATH\View\View.php(228): CodeIgniter\Exceptions\FrameworkException::forInvalidFile('admin/products/text_view.php')
 2 SYSTEMPATH\Common.php(1250): CodeIgniter\View\View->render('admin/products/text_view', [], true)
 3 APPPATH\Controllers\Admin\Test.php(16): view('admin/products/text_view', [...])
 4 SYSTEMPATH\CodeIgniter.php(951): App\Controllers\Admin\Test->index()
 5 SYSTEMPATH\CodeIgniter.php(497): CodeIgniter\CodeIgniter->runController(Object(App\Controllers\Admin\Test))
 6 SYSTEMPATH\CodeIgniter.php(340): CodeIgniter\CodeIgniter->handleRequest(null, Object(Config\Cache), false)
 7 SYSTEMPATH\Boot.php(417): CodeIgniter\CodeIgniter->run()
 8 SYSTEMPATH\Boot.php(68): CodeIgniter\Boot::runCodeIgniter(Object(CodeIgniter\CodeIgniter))
 9 FCPATH\index.php(59): CodeIgniter\Boot::bootWeb(Object(Config\Paths))
10 SYSTEMPATH\rewrite.php(44): require_once('D:\\customize_gifts\\public\\index.php')
