CRITICAL - 2026-04-23 07:40:40 --> CodeIgniter\View\Exceptions\ViewException: Invalid file: "products/insert_products.php"
[Method: GET, Route: products/insert-products]
in SYSTEMPATH\Exceptions\FrameworkException.php on line 39.
 1 SYSTEMPATH\View\View.php(228): CodeIgniter\Exceptions\FrameworkException::forInvalidFile('products/insert_products.php')
 2 SYSTEMPATH\Common.php(1250): CodeIgniter\View\View->render('products/insert_products', [], true)
 3 APPPATH\Controllers\Admin\Panel.php(8): view('products/insert_products')
 4 SYSTEMPATH\CodeIgniter.php(951): App\Controllers\Admin\Panel->insertProducts()
 5 SYSTEMPATH\CodeIgniter.php(497): CodeIgniter\CodeIgniter->runController(Object(App\Controllers\Admin\Panel))
 6 SYSTEMPATH\CodeIgniter.php(340): CodeIgniter\CodeIgniter->handleRequest(null, Object(Config\Cache), false)
 7 SYSTEMPATH\Boot.php(417): CodeIgniter\CodeIgniter->run()
 8 SYSTEMPATH\Boot.php(68): CodeIgniter\Boot::runCodeIgniter(Object(CodeIgniter\CodeIgniter))
 9 FCPATH\index.php(59): CodeIgniter\Boot::bootWeb(Object(Config\Paths))
10 SYSTEMPATH\rewrite.php(44): require_once('D:\\customize_gifts\\public\\index.php')
CRITICAL - 2026-04-23 07:41:49 --> CodeIgniter\View\Exceptions\ViewException: Invalid file: "products/insert_products.php"
[Method: GET, Route: products/insert_products]
in SYSTEMPATH\Exceptions\FrameworkException.php on line 39.
 1 SYSTEMPATH\View\View.php(228): CodeIgniter\Exceptions\FrameworkException::forInvalidFile('products/insert_products.php')
 2 SYSTEMPATH\Common.php(1250): CodeIgniter\View\View->render('products/insert_products', [], true)
 3 APPPATH\Controllers\Admin\Panel.php(8): view('products/insert_products')
 4 SYSTEMPATH\CodeIgniter.php(951): App\Controllers\Admin\Panel->insertProducts()
 5 SYSTEMPATH\CodeIgniter.php(497): CodeIgniter\CodeIgniter->runController(Object(App\Controllers\Admin\Panel))
 6 SYSTEMPATH\CodeIgniter.php(340): CodeIgniter\CodeIgniter->handleRequest(null, Object(Config\Cache), false)
 7 SYSTEMPATH\Boot.php(417): CodeIgniter\CodeIgniter->run()
 8 SYSTEMPATH\Boot.php(68): CodeIgniter\Boot::runCodeIgniter(Object(CodeIgniter\CodeIgniter))
 9 FCPATH\index.php(59): CodeIgniter\Boot::bootWeb(Object(Config\Paths))
10 SYSTEMPATH\rewrite.php(44): require_once('D:\\customize_gifts\\public\\index.php')
CRITICAL - 2026-04-23 07:43:20 --> CodeIgniter\View\Exceptions\ViewException: Invalid file: "products/insert_products.php"
[Method: GET, Route: products/insert_products]
in SYSTEMPATH\Exceptions\FrameworkException.php on line 39.
 1 SYSTEMPATH\View\View.php(228): CodeIgniter\Exceptions\FrameworkException::forInvalidFile('products/insert_products.php')
 2 SYSTEMPATH\Common.php(1250): CodeIgniter\View\View->render('products/insert_products', [], true)
 3 APPPATH\Controllers\Admin\Panel.php(11): view('products/insert_products')
 4 SYSTEMPATH\CodeIgniter.php(951): App\Controllers\Admin\Panel->insertProducts()
 5 SYSTEMPATH\CodeIgniter.php(497): CodeIgniter\CodeIgniter->runController(Object(App\Controllers\Admin\Panel))
 6 SYSTEMPATH\CodeIgniter.php(340): CodeIgniter\CodeIgniter->handleRequest(null, Object(Config\Cache), false)
 7 SYSTEMPATH\Boot.php(417): CodeIgniter\CodeIgniter->run()
 8 SYSTEMPATH\Boot.php(68): CodeIgniter\Boot::runCodeIgniter(Object(CodeIgniter\CodeIgniter))
 9 FCPATH\index.php(59): CodeIgniter\Boot::bootWeb(Object(Config\Paths))
10 SYSTEMPATH\rewrite.php(44): require_once('D:\\customize_gifts\\public\\index.php')
CRITICAL - 2026-04-23 07:43:22 --> CodeIgniter\View\Exceptions\ViewException: Invalid file: "products/insert_products.php"
[Method: GET, Route: products/insert_products]
in SYSTEMPATH\Exceptions\FrameworkException.php on line 39.
 1 SYSTEMPATH\View\View.php(228): CodeIgniter\Exceptions\FrameworkException::forInvalidFile('products/insert_products.php')
 2 SYSTEMPATH\Common.php(1250): CodeIgniter\View\View->render('products/insert_products', [], true)
 3 APPPATH\Controllers\Admin\Panel.php(11): view('products/insert_products')
 4 SYSTEMPATH\CodeIgniter.php(951): App\Controllers\Admin\Panel->insertProducts()
 5 SYSTEMPATH\CodeIgniter.php(497): CodeIgniter\CodeIgniter->runController(Object(App\Controllers\Admin\Panel))
 6 SYSTEMPATH\CodeIgniter.php(340): CodeIgniter\CodeIgniter->handleRequest(null, Object(Config\Cache), false)
 7 SYSTEMPATH\Boot.php(417): CodeIgniter\CodeIgniter->run()
 8 SYSTEMPATH\Boot.php(68): CodeIgniter\Boot::runCodeIgniter(Object(CodeIgniter\CodeIgniter))
 9 FCPATH\index.php(59): CodeIgniter\Boot::bootWeb(Object(Config\Paths))
10 SYSTEMPATH\rewrite.php(44): require_once('D:\\customize_gifts\\public\\index.php')
CRITICAL - 2026-04-23 07:46:35 --> CodeIgniter\View\Exceptions\ViewException: Invalid file: "layout/header.php"
[Method: GET, Route: products/insert_products]
in SYSTEMPATH\Exceptions\FrameworkException.php on line 39.
 1 SYSTEMPATH\View\View.php(228): CodeIgniter\Exceptions\FrameworkException::forInvalidFile('layout/header.php')
 2 SYSTEMPATH\Common.php(1250): CodeIgniter\View\View->render('layout/header', [], true)
 3 APPPATH\Views\admin\products\insert_products.php(8): view('layout/header')
 4 SYSTEMPATH\View\View.php(240): include('D:\\customize_gifts\\app\\Views\\admin\\products\\insert_products.php')
 5 SYSTEMPATH\View\View.php(243): CodeIgniter\View\View->CodeIgniter\View\{closure}()
 6 SYSTEMPATH\Common.php(1250): CodeIgniter\View\View->render('admin/products/insert_products', [], true)
 7 APPPATH\Controllers\Admin\Panel.php(11): view('admin/products/insert_products')
 8 SYSTEMPATH\CodeIgniter.php(951): App\Controllers\Admin\Panel->insertProducts()
 9 SYSTEMPATH\CodeIgniter.php(497): CodeIgniter\CodeIgniter->runController(Object(App\Controllers\Admin\Panel))
10 SYSTEMPATH\CodeIgniter.php(340): CodeIgniter\CodeIgniter->handleRequest(null, Object(Config\Cache), false)
11 SYSTEMPATH\Boot.php(417): CodeIgniter\CodeIgniter->run()
12 SYSTEMPATH\Boot.php(68): CodeIgniter\Boot::runCodeIgniter(Object(CodeIgniter\CodeIgniter))
13 FCPATH\index.php(59): CodeIgniter\Boot::bootWeb(Object(Config\Paths))
14 SYSTEMPATH\rewrite.php(44): require_once('D:\\customize_gifts\\public\\index.php')
CRITICAL - 2026-04-23 07:47:06 --> CodeIgniter\View\Exceptions\ViewException: Invalid file: "layout/footer.php"
[Method: GET, Route: products/insert_products]
in SYSTEMPATH\Exceptions\FrameworkException.php on line 39.
 1 SYSTEMPATH\View\View.php(228): CodeIgniter\Exceptions\FrameworkException::forInvalidFile('layout/footer.php')
 2 SYSTEMPATH\Common.php(1250): CodeIgniter\View\View->render('layout/footer', [], true)
 3 APPPATH\Views\admin\products\insert_products.php(14): view('layout/footer')
 4 SYSTEMPATH\View\View.php(240): include('D:\\customize_gifts\\app\\Views\\admin\\products\\insert_products.php')
 5 SYSTEMPATH\View\View.php(243): CodeIgniter\View\View->CodeIgniter\View\{closure}()
 6 SYSTEMPATH\Common.php(1250): CodeIgniter\View\View->render('admin/products/insert_products', [], true)
 7 APPPATH\Controllers\Admin\Panel.php(11): view('admin/products/insert_products')
 8 SYSTEMPATH\CodeIgniter.php(951): App\Controllers\Admin\Panel->insertProducts()
 9 SYSTEMPATH\CodeIgniter.php(497): CodeIgniter\CodeIgniter->runController(Object(App\Controllers\Admin\Panel))
10 SYSTEMPATH\CodeIgniter.php(340): CodeIgniter\CodeIgniter->handleRequest(null, Object(Config\Cache), false)
11 SYSTEMPATH\Boot.php(417): CodeIgniter\CodeIgniter->run()
12 SYSTEMPATH\Boot.php(68): CodeIgniter\Boot::runCodeIgniter(Object(CodeIgniter\CodeIgniter))
13 FCPATH\index.php(59): CodeIgniter\Boot::bootWeb(Object(Config\Paths))
14 SYSTEMPATH\rewrite.php(44): require_once('D:\\customize_gifts\\public\\index.php')
CRITICAL - 2026-04-23 07:47:21 --> CodeIgniter\View\Exceptions\ViewException: Invalid file: "layout/footer.php"
[Method: GET, Route: products/insert_products]
in SYSTEMPATH\Exceptions\FrameworkException.php on line 39.
 1 SYSTEMPATH\View\View.php(228): CodeIgniter\Exceptions\FrameworkException::forInvalidFile('layout/footer.php')
 2 SYSTEMPATH\Common.php(1250): CodeIgniter\View\View->render('layout/footer', [], true)
 3 APPPATH\Views\admin\products\insert_products.php(14): view('layout/footer')
 4 SYSTEMPATH\View\View.php(240): include('D:\\customize_gifts\\app\\Views\\admin\\products\\insert_products.php')
 5 SYSTEMPATH\View\View.php(243): CodeIgniter\View\View->CodeIgniter\View\{closure}()
 6 SYSTEMPATH\Common.php(1250): CodeIgniter\View\View->render('admin/products/insert_products', [], true)
 7 APPPATH\Controllers\Admin\Panel.php(11): view('admin/products/insert_products')
 8 SYSTEMPATH\CodeIgniter.php(951): App\Controllers\Admin\Panel->insertProducts()
 9 SYSTEMPATH\CodeIgniter.php(497): CodeIgniter\CodeIgniter->runController(Object(App\Controllers\Admin\Panel))
10 SYSTEMPATH\CodeIgniter.php(340): CodeIgniter\CodeIgniter->handleRequest(null, Object(Config\Cache), false)
11 SYSTEMPATH\Boot.php(417): CodeIgniter\CodeIgniter->run()
12 SYSTEMPATH\Boot.php(68): CodeIgniter\Boot::runCodeIgniter(Object(CodeIgniter\CodeIgniter))
13 FCPATH\index.php(59): CodeIgniter\Boot::bootWeb(Object(Config\Paths))
14 SYSTEMPATH\rewrite.php(44): require_once('D:\\customize_gifts\\public\\index.php')
