CRITICAL - 2026-08-16 07:38:44 --> ErrorException: Undefined array key "product_price"
[Method: GET, Route: shop]
in APPPATH\Views\pages\shop.php on line 864.
 1 APPPATH\Views\pages\shop.php(864): CodeIgniter\Debug\Exceptions->errorHandler(2, 'Undefined array key "product_price"', 'D:\\customize_gifts\\app\\Views\\pages\\shop.php', 864)
 2 SYSTEMPATH\View\View.php(240): include('D:\\customize_gifts\\app\\Views\\pages\\shop.php')
 3 SYSTEMPATH\View\View.php(243): CodeIgniter\View\View->CodeIgniter\View\{closure}()
 4 SYSTEMPATH\Common.php(1250): CodeIgniter\View\View->render('pages/shop', [], true)
 5 APPPATH\Controllers\PolicyController.php(62): view('pages/shop', [...])
 6 SYSTEMPATH\CodeIgniter.php(951): App\Controllers\PolicyController->shop()
 7 SYSTEMPATH\CodeIgniter.php(497): CodeIgniter\CodeIgniter->runController(Object(App\Controllers\PolicyController))
 8 SYSTEMPATH\CodeIgniter.php(340): CodeIgniter\CodeIgniter->handleRequest(null, Object(Config\Cache), false)
 9 SYSTEMPATH\Boot.php(417): CodeIgniter\CodeIgniter->run()
10 SYSTEMPATH\Boot.php(68): CodeIgniter\Boot::runCodeIgniter(Object(CodeIgniter\CodeIgniter))
11 FCPATH\index.php(59): CodeIgniter\Boot::bootWeb(Object(Config\Paths))
12 SYSTEMPATH\rewrite.php(44): require_once('D:\\customize_gifts\\public\\index.php')
CRITICAL - 2026-08-16 07:39:14 --> ErrorException: Undefined array key "product_price"
[Method: GET, Route: shop]
in APPPATH\Views\pages\shop.php on line 891.
 1 APPPATH\Views\pages\shop.php(891): CodeIgniter\Debug\Exceptions->errorHandler(2, 'Undefined array key "product_price"', 'D:\\customize_gifts\\app\\Views\\pages\\shop.php', 891)
 2 SYSTEMPATH\View\View.php(240): include('D:\\customize_gifts\\app\\Views\\pages\\shop.php')
 3 SYSTEMPATH\View\View.php(243): CodeIgniter\View\View->CodeIgniter\View\{closure}()
 4 SYSTEMPATH\Common.php(1250): CodeIgniter\View\View->render('pages/shop', [], true)
 5 APPPATH\Controllers\PolicyController.php(62): view('pages/shop', [...])
 6 SYSTEMPATH\CodeIgniter.php(951): App\Controllers\PolicyController->shop()
 7 SYSTEMPATH\CodeIgniter.php(497): CodeIgniter\CodeIgniter->runController(Object(App\Controllers\PolicyController))
 8 SYSTEMPATH\CodeIgniter.php(340): CodeIgniter\CodeIgniter->handleRequest(null, Object(Config\Cache), false)
 9 SYSTEMPATH\Boot.php(417): CodeIgniter\CodeIgniter->run()
10 SYSTEMPATH\Boot.php(68): CodeIgniter\Boot::runCodeIgniter(Object(CodeIgniter\CodeIgniter))
11 FCPATH\index.php(59): CodeIgniter\Boot::bootWeb(Object(Config\Paths))
12 SYSTEMPATH\rewrite.php(44): require_once('D:\\customize_gifts\\public\\index.php')
CRITICAL - 2026-08-16 07:45:49 --> ErrorException: Undefined array key "product_price"
[Method: GET, Route: shop]
in APPPATH\Views\pages\shop.php on line 968.
 1 APPPATH\Views\pages\shop.php(968): CodeIgniter\Debug\Exceptions->errorHandler(2, 'Undefined array key "product_price"', 'D:\\customize_gifts\\app\\Views\\pages\\shop.php', 968)
 2 SYSTEMPATH\View\View.php(240): include('D:\\customize_gifts\\app\\Views\\pages\\shop.php')
 3 SYSTEMPATH\View\View.php(243): CodeIgniter\View\View->CodeIgniter\View\{closure}()
 4 SYSTEMPATH\Common.php(1250): CodeIgniter\View\View->render('pages/shop', [], true)
 5 APPPATH\Controllers\PolicyController.php(62): view('pages/shop', [...])
 6 SYSTEMPATH\CodeIgniter.php(951): App\Controllers\PolicyController->shop()
 7 SYSTEMPATH\CodeIgniter.php(497): CodeIgniter\CodeIgniter->runController(Object(App\Controllers\PolicyController))
 8 SYSTEMPATH\CodeIgniter.php(340): CodeIgniter\CodeIgniter->handleRequest(null, Object(Config\Cache), false)
 9 SYSTEMPATH\Boot.php(417): CodeIgniter\CodeIgniter->run()
10 SYSTEMPATH\Boot.php(68): CodeIgniter\Boot::runCodeIgniter(Object(CodeIgniter\CodeIgniter))
11 FCPATH\index.php(59): CodeIgniter\Boot::bootWeb(Object(Config\Paths))
12 SYSTEMPATH\rewrite.php(44): require_once('D:\\customize_gifts\\public\\index.php')
CRITICAL - 2026-08-16 08:01:04 --> ErrorException: Undefined array key "product_price"
[Method: GET, Route: shop]
in APPPATH\Views\pages\shop.php on line 969.
 1 APPPATH\Views\pages\shop.php(969): CodeIgniter\Debug\Exceptions->errorHandler(2, 'Undefined array key "product_price"', 'D:\\customize_gifts\\app\\Views\\pages\\shop.php', 969)
 2 SYSTEMPATH\View\View.php(240): include('D:\\customize_gifts\\app\\Views\\pages\\shop.php')
 3 SYSTEMPATH\View\View.php(243): CodeIgniter\View\View->CodeIgniter\View\{closure}()
 4 SYSTEMPATH\Common.php(1250): CodeIgniter\View\View->render('pages/shop', [], true)
 5 APPPATH\Controllers\PolicyController.php(62): view('pages/shop', [...])
 6 SYSTEMPATH\CodeIgniter.php(951): App\Controllers\PolicyController->shop()
 7 SYSTEMPATH\CodeIgniter.php(497): CodeIgniter\CodeIgniter->runController(Object(App\Controllers\PolicyController))
 8 SYSTEMPATH\CodeIgniter.php(340): CodeIgniter\CodeIgniter->handleRequest(null, Object(Config\Cache), false)
 9 SYSTEMPATH\Boot.php(417): CodeIgniter\CodeIgniter->run()
10 SYSTEMPATH\Boot.php(68): CodeIgniter\Boot::runCodeIgniter(Object(CodeIgniter\CodeIgniter))
11 FCPATH\index.php(59): CodeIgniter\Boot::bootWeb(Object(Config\Paths))
12 SYSTEMPATH\rewrite.php(44): require_once('D:\\customize_gifts\\public\\index.php')
CRITICAL - 2026-08-16 15:21:12 --> CodeIgniter\View\Exceptions\ViewException: Invalid file: "user/whish_list.php"
[Method: GET, Route: wish_list]
in SYSTEMPATH\Exceptions\FrameworkException.php on line 39.
 1 SYSTEMPATH\View\View.php(228): CodeIgniter\Exceptions\FrameworkException::forInvalidFile('user/whish_list.php')
 2 SYSTEMPATH\Common.php(1250): CodeIgniter\View\View->render('user/whish_list', [], true)
 3 APPPATH\Controllers\UserController.php(175): view('user/whish_list', [...])
 4 SYSTEMPATH\CodeIgniter.php(951): App\Controllers\UserController->wishList()
 5 SYSTEMPATH\CodeIgniter.php(497): CodeIgniter\CodeIgniter->runController(Object(App\Controllers\UserController))
 6 SYSTEMPATH\CodeIgniter.php(340): CodeIgniter\CodeIgniter->handleRequest(null, Object(Config\Cache), false)
 7 SYSTEMPATH\Boot.php(417): CodeIgniter\CodeIgniter->run()
 8 SYSTEMPATH\Boot.php(68): CodeIgniter\Boot::runCodeIgniter(Object(CodeIgniter\CodeIgniter))
 9 FCPATH\index.php(59): CodeIgniter\Boot::bootWeb(Object(Config\Paths))
10 SYSTEMPATH\rewrite.php(44): require_once('D:\\customize_gifts\\public\\index.php')
CRITICAL - 2026-08-16 15:21:57 --> CodeIgniter\View\Exceptions\ViewException: Invalid file: "user/whish_list.php"
[Method: GET, Route: wish_list]
in SYSTEMPATH\Exceptions\FrameworkException.php on line 39.
 1 SYSTEMPATH\View\View.php(228): CodeIgniter\Exceptions\FrameworkException::forInvalidFile('user/whish_list.php')
 2 SYSTEMPATH\Common.php(1250): CodeIgniter\View\View->render('user/whish_list', [], true)
 3 APPPATH\Controllers\UserController.php(175): view('user/whish_list', [...])
 4 SYSTEMPATH\CodeIgniter.php(951): App\Controllers\UserController->wishList()
 5 SYSTEMPATH\CodeIgniter.php(497): CodeIgniter\CodeIgniter->runController(Object(App\Controllers\UserController))
 6 SYSTEMPATH\CodeIgniter.php(340): CodeIgniter\CodeIgniter->handleRequest(null, Object(Config\Cache), false)
 7 SYSTEMPATH\Boot.php(417): CodeIgniter\CodeIgniter->run()
 8 SYSTEMPATH\Boot.php(68): CodeIgniter\Boot::runCodeIgniter(Object(CodeIgniter\CodeIgniter))
 9 FCPATH\index.php(59): CodeIgniter\Boot::bootWeb(Object(Config\Paths))
10 SYSTEMPATH\rewrite.php(44): require_once('D:\\customize_gifts\\public\\index.php')
CRITICAL - 2026-08-16 15:26:14 --> CodeIgniter\View\Exceptions\ViewException: Invalid file: "user/whish_list.php"
[Method: GET, Route: wish_list]
in SYSTEMPATH\Exceptions\FrameworkException.php on line 39.
 1 SYSTEMPATH\View\View.php(228): CodeIgniter\Exceptions\FrameworkException::forInvalidFile('user/whish_list.php')
 2 SYSTEMPATH\Common.php(1250): CodeIgniter\View\View->render('user/whish_list', [], true)
 3 APPPATH\Controllers\UserController.php(175): view('user/whish_list', [...])
 4 SYSTEMPATH\CodeIgniter.php(951): App\Controllers\UserController->wishList()
 5 SYSTEMPATH\CodeIgniter.php(497): CodeIgniter\CodeIgniter->runController(Object(App\Controllers\UserController))
 6 SYSTEMPATH\CodeIgniter.php(340): CodeIgniter\CodeIgniter->handleRequest(null, Object(Config\Cache), false)
 7 SYSTEMPATH\Boot.php(417): CodeIgniter\CodeIgniter->run()
 8 SYSTEMPATH\Boot.php(68): CodeIgniter\Boot::runCodeIgniter(Object(CodeIgniter\CodeIgniter))
 9 FCPATH\index.php(59): CodeIgniter\Boot::bootWeb(Object(Config\Paths))
10 SYSTEMPATH\rewrite.php(44): require_once('D:\\customize_gifts\\public\\index.php')
CRITICAL - 2026-08-16 15:27:26 --> CodeIgniter\View\Exceptions\ViewException: Invalid file: "user/whish_list.php"
[Method: GET, Route: wish_list]
in SYSTEMPATH\Exceptions\FrameworkException.php on line 39.
 1 SYSTEMPATH\View\View.php(228): CodeIgniter\Exceptions\FrameworkException::forInvalidFile('user/whish_list.php')
 2 SYSTEMPATH\Common.php(1250): CodeIgniter\View\View->render('user/whish_list', [], true)
 3 APPPATH\Controllers\UserController.php(175): view('user/whish_list', [...])
 4 SYSTEMPATH\CodeIgniter.php(951): App\Controllers\UserController->wishList()
 5 SYSTEMPATH\CodeIgniter.php(497): CodeIgniter\CodeIgniter->runController(Object(App\Controllers\UserController))
 6 SYSTEMPATH\CodeIgniter.php(340): CodeIgniter\CodeIgniter->handleRequest(null, Object(Config\Cache), false)
 7 SYSTEMPATH\Boot.php(417): CodeIgniter\CodeIgniter->run()
 8 SYSTEMPATH\Boot.php(68): CodeIgniter\Boot::runCodeIgniter(Object(CodeIgniter\CodeIgniter))
 9 FCPATH\index.php(59): CodeIgniter\Boot::bootWeb(Object(Config\Paths))
10 SYSTEMPATH\rewrite.php(44): require_once('D:\\customize_gifts\\public\\index.php')
CRITICAL - 2026-08-16 15:29:50 --> CodeIgniter\View\Exceptions\ViewException: Invalid file: "user/whish_list.php"
[Method: GET, Route: wish_list]
in SYSTEMPATH\Exceptions\FrameworkException.php on line 39.
 1 SYSTEMPATH\View\View.php(228): CodeIgniter\Exceptions\FrameworkException::forInvalidFile('user/whish_list.php')
 2 SYSTEMPATH\Common.php(1250): CodeIgniter\View\View->render('user/whish_list', [], true)
 3 APPPATH\Controllers\UserController.php(175): view('user/whish_list', [...])
 4 SYSTEMPATH\CodeIgniter.php(951): App\Controllers\UserController->wishList()
 5 SYSTEMPATH\CodeIgniter.php(497): CodeIgniter\CodeIgniter->runController(Object(App\Controllers\UserController))
 6 SYSTEMPATH\CodeIgniter.php(340): CodeIgniter\CodeIgniter->handleRequest(null, Object(Config\Cache), false)
 7 SYSTEMPATH\Boot.php(417): CodeIgniter\CodeIgniter->run()
 8 SYSTEMPATH\Boot.php(68): CodeIgniter\Boot::runCodeIgniter(Object(CodeIgniter\CodeIgniter))
 9 FCPATH\index.php(59): CodeIgniter\Boot::bootWeb(Object(Config\Paths))
10 SYSTEMPATH\rewrite.php(44): require_once('D:\\customize_gifts\\public\\index.php')
CRITICAL - 2026-08-16 15:31:36 --> CodeIgniter\View\Exceptions\ViewException: Invalid file: "user/whish_list.php"
[Method: GET, Route: wish_list]
in SYSTEMPATH\Exceptions\FrameworkException.php on line 39.
 1 SYSTEMPATH\View\View.php(228): CodeIgniter\Exceptions\FrameworkException::forInvalidFile('user/whish_list.php')
 2 SYSTEMPATH\Common.php(1250): CodeIgniter\View\View->render('user/whish_list', [], true)
 3 APPPATH\Controllers\UserController.php(175): view('user/whish_list', [...])
 4 SYSTEMPATH\CodeIgniter.php(951): App\Controllers\UserController->wishList()
 5 SYSTEMPATH\CodeIgniter.php(497): CodeIgniter\CodeIgniter->runController(Object(App\Controllers\UserController))
 6 SYSTEMPATH\CodeIgniter.php(340): CodeIgniter\CodeIgniter->handleRequest(null, Object(Config\Cache), false)
 7 SYSTEMPATH\Boot.php(417): CodeIgniter\CodeIgniter->run()
 8 SYSTEMPATH\Boot.php(68): CodeIgniter\Boot::runCodeIgniter(Object(CodeIgniter\CodeIgniter))
 9 FCPATH\index.php(59): CodeIgniter\Boot::bootWeb(Object(Config\Paths))
10 SYSTEMPATH\rewrite.php(44): require_once('D:\\customize_gifts\\public\\index.php')
CRITICAL - 2026-08-16 15:38:21 --> CodeIgniter\View\Exceptions\ViewException: Invalid file: "user/whish_list.php"
[Method: POST, Route: wish_list]
in SYSTEMPATH\Exceptions\FrameworkException.php on line 39.
 1 SYSTEMPATH\View\View.php(228): CodeIgniter\Exceptions\FrameworkException::forInvalidFile('user/whish_list.php')
 2 SYSTEMPATH\Common.php(1250): CodeIgniter\View\View->render('user/whish_list', [], true)
 3 APPPATH\Controllers\UserController.php(175): view('user/whish_list', [...])
 4 SYSTEMPATH\CodeIgniter.php(951): App\Controllers\UserController->wishList()
 5 SYSTEMPATH\CodeIgniter.php(497): CodeIgniter\CodeIgniter->runController(Object(App\Controllers\UserController))
 6 SYSTEMPATH\CodeIgniter.php(340): CodeIgniter\CodeIgniter->handleRequest(null, Object(Config\Cache), false)
 7 SYSTEMPATH\Boot.php(417): CodeIgniter\CodeIgniter->run()
 8 SYSTEMPATH\Boot.php(68): CodeIgniter\Boot::runCodeIgniter(Object(CodeIgniter\CodeIgniter))
 9 FCPATH\index.php(59): CodeIgniter\Boot::bootWeb(Object(Config\Paths))
10 SYSTEMPATH\rewrite.php(44): require_once('D:\\customize_gifts\\public\\index.php')
CRITICAL - 2026-08-16 15:39:05 --> CodeIgniter\View\Exceptions\ViewException: Invalid file: "user/whish_list.php"
[Method: GET, Route: wish_list]
in SYSTEMPATH\Exceptions\FrameworkException.php on line 39.
 1 SYSTEMPATH\View\View.php(228): CodeIgniter\Exceptions\FrameworkException::forInvalidFile('user/whish_list.php')
 2 SYSTEMPATH\Common.php(1250): CodeIgniter\View\View->render('user/whish_list', [], true)
 3 APPPATH\Controllers\UserController.php(175): view('user/whish_list', [...])
 4 SYSTEMPATH\CodeIgniter.php(951): App\Controllers\UserController->wishList()
 5 SYSTEMPATH\CodeIgniter.php(497): CodeIgniter\CodeIgniter->runController(Object(App\Controllers\UserController))
 6 SYSTEMPATH\CodeIgniter.php(340): CodeIgniter\CodeIgniter->handleRequest(null, Object(Config\Cache), false)
 7 SYSTEMPATH\Boot.php(417): CodeIgniter\CodeIgniter->run()
 8 SYSTEMPATH\Boot.php(68): CodeIgniter\Boot::runCodeIgniter(Object(CodeIgniter\CodeIgniter))
 9 FCPATH\index.php(59): CodeIgniter\Boot::bootWeb(Object(Config\Paths))
10 SYSTEMPATH\rewrite.php(44): require_once('D:\\customize_gifts\\public\\index.php')
